DEBUG - 2025-07-26 03:55:30 --> Session: Class initialized using 'CodeIgniter\Session\Handlers\FileHandler' driver.
DEBUG - 2025-07-26 03:55:30 --> Session: Class initialized using 'CodeIgniter\Session\Handlers\FileHandler' driver.
DEBUG - 2025-07-26 03:55:31 --> Session: Class initialized using 'CodeIgniter\Session\Handlers\FileHandler' driver.
ERROR - 2025-07-26 03:55:35 --> Error connecting to the database: mysqli_sql_exception: No connection could be made because the target machine actively refused it in C:\xampp\htdocs\hms_ram\system\Database\MySQLi\Connection.php:201
Stack trace:
#0 C:\xampp\htdocs\hms_ram\system\Database\MySQLi\Connection.php(201): mysqli->real_connect('localhost', 'root', Object(SensitiveParameterValue), 'hms_ram', 3306, '', 0)
#1 C:\xampp\htdocs\hms_ram\system\Database\BaseConnection.php(421): CodeIgniter\Database\MySQLi\Connection->connect(false)
#2 C:\xampp\htdocs\hms_ram\system\Database\BaseConnection.php(620): CodeIgniter\Database\BaseConnection->initialize()
#3 C:\xampp\htdocs\hms_ram\system\Database\BaseBuilder.php(1649): CodeIgniter\Database\BaseConnection->query('SELECT *\nFROM `...', Array, false)
#4 C:\xampp\htdocs\hms_ram\system\Model.php(330): CodeIgniter\Database\BaseBuilder->get()
#5 C:\xampp\htdocs\hms_ram\system\BaseModel.php(717): CodeIgniter\Model->doFirst()
#6 C:\xampp\htdocs\hms_ram\app\Controllers\Auth.php(38): CodeIgniter\BaseModel->first()
#7 C:\xampp\htdocs\hms_ram\system\CodeIgniter.php(933): App\Controllers\Auth->loginAttempt()
#8 C:\xampp\htdocs\hms_ram\system\CodeIgniter.php(507): CodeIgniter\CodeIgniter->runController(Object(App\Controllers\Auth))
#9 C:\xampp\htdocs\hms_ram\system\CodeIgniter.php(354): CodeIgniter\CodeIgniter->handleRequest(NULL, Object(Config\Cache), false)
#10 C:\xampp\htdocs\hms_ram\system\Boot.php(334): CodeIgniter\CodeIgniter->run()
#11 C:\xampp\htdocs\hms_ram\system\Boot.php(67): CodeIgniter\Boot::runCodeIgniter(Object(CodeIgniter\CodeIgniter))
#12 C:\xampp\htdocs\hms_ram\index.php(46): CodeIgniter\Boot::bootWeb(Object(Config\Paths))
#13 {main}

Next CodeIgniter\Database\Exceptions\DatabaseException: No connection could be made because the target machine actively refused it in C:\xampp\htdocs\hms_ram\system\Database\MySQLi\Connection.php:246
Stack trace:
#0 C:\xampp\htdocs\hms_ram\system\Database\BaseConnection.php(421): CodeIgniter\Database\MySQLi\Connection->connect(false)
#1 C:\xampp\htdocs\hms_ram\system\Database\BaseConnection.php(620): CodeIgniter\Database\BaseConnection->initialize()
#2 C:\xampp\htdocs\hms_ram\system\Database\BaseBuilder.php(1649): CodeIgniter\Database\BaseConnection->query('SELECT *\nFROM `...', Array, false)
#3 C:\xampp\htdocs\hms_ram\system\Model.php(330): CodeIgniter\Database\BaseBuilder->get()
#4 C:\xampp\htdocs\hms_ram\system\BaseModel.php(717): CodeIgniter\Model->doFirst()
#5 C:\xampp\htdocs\hms_ram\app\Controllers\Auth.php(38): CodeIgniter\BaseModel->first()
#6 C:\xampp\htdocs\hms_ram\system\CodeIgniter.php(933): App\Controllers\Auth->loginAttempt()
#7 C:\xampp\htdocs\hms_ram\system\CodeIgniter.php(507): CodeIgniter\CodeIgniter->runController(Object(App\Controllers\Auth))
#8 C:\xampp\htdocs\hms_ram\system\CodeIgniter.php(354): CodeIgniter\CodeIgniter->handleRequest(NULL, Object(Config\Cache), false)
#9 C:\xampp\htdocs\hms_ram\system\Boot.php(334): CodeIgniter\CodeIgniter->run()
#10 C:\xampp\htdocs\hms_ram\system\Boot.php(67): CodeIgniter\Boot::runCodeIgniter(Object(CodeIgniter\CodeIgniter))
#11 C:\xampp\htdocs\hms_ram\index.php(46): CodeIgniter\Boot::bootWeb(Object(Config\Paths))
#12 {main}
CRITICAL - 2025-07-26 03:55:35 --> CodeIgniter\Database\Exceptions\DatabaseException: Unable to connect to the database.
Main connection [MySQLi]: No connection could be made because the target machine actively refused it
[Method: POST, Route: auth/loginAttempt]
in SYSTEMPATH\Database\BaseConnection.php on line 467.
 1 SYSTEMPATH\Database\BaseConnection.php(620): CodeIgniter\Database\BaseConnection->initialize()
 2 SYSTEMPATH\Database\BaseBuilder.php(1649): CodeIgniter\Database\BaseConnection->query('SELECT *
FROM `users`
WHERE `username` = :username:
OR `email` = :email:
 LIMIT 1', [...], false)
 3 SYSTEMPATH\Model.php(330): CodeIgniter\Database\BaseBuilder->get()
 4 SYSTEMPATH\BaseModel.php(717): CodeIgniter\Model->doFirst()
 5 APPPATH\Controllers\Auth.php(38): CodeIgniter\BaseModel->first()
 6 SYSTEMPATH\CodeIgniter.php(933): App\Controllers\Auth->loginAttempt()
 7 SYSTEMPATH\CodeIgniter.php(507): CodeIgniter\CodeIgniter->runController(Object(App\Controllers\Auth))
 8 SYSTEMPATH\CodeIgniter.php(354): CodeIgniter\CodeIgniter->handleRequest(null, Object(Config\Cache), false)
 9 SYSTEMPATH\Boot.php(334): CodeIgniter\CodeIgniter->run()
10 SYSTEMPATH\Boot.php(67): CodeIgniter\Boot::runCodeIgniter(Object(CodeIgniter\CodeIgniter))
11 FCPATH\index.php(46): CodeIgniter\Boot::bootWeb(Object(Config\Paths))
DEBUG - 2025-07-26 03:55:36 --> Session: Class initialized using 'CodeIgniter\Session\Handlers\FileHandler' driver.
DEBUG - 2025-07-26 03:55:36 --> Session: Class initialized using 'CodeIgniter\Session\Handlers\FileHandler' driver.
DEBUG - 2025-07-26 03:55:40 --> Session: Class initialized using 'CodeIgniter\Session\Handlers\FileHandler' driver.
ERROR - 2025-07-26 03:55:44 --> Error connecting to the database: mysqli_sql_exception: No connection could be made because the target machine actively refused it in C:\xampp\htdocs\hms_ram\system\Database\MySQLi\Connection.php:201
Stack trace:
#0 C:\xampp\htdocs\hms_ram\system\Database\MySQLi\Connection.php(201): mysqli->real_connect('localhost', 'root', Object(SensitiveParameterValue), 'hms_ram', 3306, '', 0)
#1 C:\xampp\htdocs\hms_ram\system\Database\BaseConnection.php(421): CodeIgniter\Database\MySQLi\Connection->connect(false)
#2 C:\xampp\htdocs\hms_ram\system\Database\BaseConnection.php(620): CodeIgniter\Database\BaseConnection->initialize()
#3 C:\xampp\htdocs\hms_ram\system\Database\BaseBuilder.php(1649): CodeIgniter\Database\BaseConnection->query('SELECT *\nFROM `...', Array, false)
#4 C:\xampp\htdocs\hms_ram\system\Model.php(330): CodeIgniter\Database\BaseBuilder->get()
#5 C:\xampp\htdocs\hms_ram\system\BaseModel.php(717): CodeIgniter\Model->doFirst()
#6 C:\xampp\htdocs\hms_ram\app\Controllers\Auth.php(38): CodeIgniter\BaseModel->first()
#7 C:\xampp\htdocs\hms_ram\system\CodeIgniter.php(933): App\Controllers\Auth->loginAttempt()
#8 C:\xampp\htdocs\hms_ram\system\CodeIgniter.php(507): CodeIgniter\CodeIgniter->runController(Object(App\Controllers\Auth))
#9 C:\xampp\htdocs\hms_ram\system\CodeIgniter.php(354): CodeIgniter\CodeIgniter->handleRequest(NULL, Object(Config\Cache), false)
#10 C:\xampp\htdocs\hms_ram\system\Boot.php(334): CodeIgniter\CodeIgniter->run()
#11 C:\xampp\htdocs\hms_ram\system\Boot.php(67): CodeIgniter\Boot::runCodeIgniter(Object(CodeIgniter\CodeIgniter))
#12 C:\xampp\htdocs\hms_ram\index.php(46): CodeIgniter\Boot::bootWeb(Object(Config\Paths))
#13 {main}

Next CodeIgniter\Database\Exceptions\DatabaseException: No connection could be made because the target machine actively refused it in C:\xampp\htdocs\hms_ram\system\Database\MySQLi\Connection.php:246
Stack trace:
#0 C:\xampp\htdocs\hms_ram\system\Database\BaseConnection.php(421): CodeIgniter\Database\MySQLi\Connection->connect(false)
#1 C:\xampp\htdocs\hms_ram\system\Database\BaseConnection.php(620): CodeIgniter\Database\BaseConnection->initialize()
#2 C:\xampp\htdocs\hms_ram\system\Database\BaseBuilder.php(1649): CodeIgniter\Database\BaseConnection->query('SELECT *\nFROM `...', Array, false)
#3 C:\xampp\htdocs\hms_ram\system\Model.php(330): CodeIgniter\Database\BaseBuilder->get()
#4 C:\xampp\htdocs\hms_ram\system\BaseModel.php(717): CodeIgniter\Model->doFirst()
#5 C:\xampp\htdocs\hms_ram\app\Controllers\Auth.php(38): CodeIgniter\BaseModel->first()
#6 C:\xampp\htdocs\hms_ram\system\CodeIgniter.php(933): App\Controllers\Auth->loginAttempt()
#7 C:\xampp\htdocs\hms_ram\system\CodeIgniter.php(507): CodeIgniter\CodeIgniter->runController(Object(App\Controllers\Auth))
#8 C:\xampp\htdocs\hms_ram\system\CodeIgniter.php(354): CodeIgniter\CodeIgniter->handleRequest(NULL, Object(Config\Cache), false)
#9 C:\xampp\htdocs\hms_ram\system\Boot.php(334): CodeIgniter\CodeIgniter->run()
#10 C:\xampp\htdocs\hms_ram\system\Boot.php(67): CodeIgniter\Boot::runCodeIgniter(Object(CodeIgniter\CodeIgniter))
#11 C:\xampp\htdocs\hms_ram\index.php(46): CodeIgniter\Boot::bootWeb(Object(Config\Paths))
#12 {main}
CRITICAL - 2025-07-26 03:55:44 --> CodeIgniter\Database\Exceptions\DatabaseException: Unable to connect to the database.
Main connection [MySQLi]: No connection could be made because the target machine actively refused it
[Method: POST, Route: auth/loginAttempt]
in SYSTEMPATH\Database\BaseConnection.php on line 467.
 1 SYSTEMPATH\Database\BaseConnection.php(620): CodeIgniter\Database\BaseConnection->initialize()
 2 SYSTEMPATH\Database\BaseBuilder.php(1649): CodeIgniter\Database\BaseConnection->query('SELECT *
FROM `users`
WHERE `username` = :username:
OR `email` = :email:
 LIMIT 1', [...], false)
 3 SYSTEMPATH\Model.php(330): CodeIgniter\Database\BaseBuilder->get()
 4 SYSTEMPATH\BaseModel.php(717): CodeIgniter\Model->doFirst()
 5 APPPATH\Controllers\Auth.php(38): CodeIgniter\BaseModel->first()
 6 SYSTEMPATH\CodeIgniter.php(933): App\Controllers\Auth->loginAttempt()
 7 SYSTEMPATH\CodeIgniter.php(507): CodeIgniter\CodeIgniter->runController(Object(App\Controllers\Auth))
 8 SYSTEMPATH\CodeIgniter.php(354): CodeIgniter\CodeIgniter->handleRequest(null, Object(Config\Cache), false)
 9 SYSTEMPATH\Boot.php(334): CodeIgniter\CodeIgniter->run()
10 SYSTEMPATH\Boot.php(67): CodeIgniter\Boot::runCodeIgniter(Object(CodeIgniter\CodeIgniter))
11 FCPATH\index.php(46): CodeIgniter\Boot::bootWeb(Object(Config\Paths))
DEBUG - 2025-07-26 03:57:26 --> Session: Class initialized using 'CodeIgniter\Session\Handlers\FileHandler' driver.
DEBUG - 2025-07-26 03:57:26 --> Session: Class initialized using 'CodeIgniter\Session\Handlers\FileHandler' driver.
DEBUG - 2025-07-26 03:57:42 --> Session: Class initialized using 'CodeIgniter\Session\Handlers\FileHandler' driver.
DEBUG - 2025-07-26 03:57:43 --> Session: Class initialized using 'CodeIgniter\Session\Handlers\FileHandler' driver.
DEBUG - 2025-07-26 03:57:43 --> Beds BEFORE sorting: ["GEN-1","GEN-10","GEN-15","GEN-21","GEN-28","GEN-3","GEN-36","GEN-45","GEN-55","GEN-6"]
DEBUG - 2025-07-26 03:57:43 --> Comparing A: GEN-1 vs B: GEN-10
DEBUG - 2025-07-26 03:57:43 --> Extracted numbers: A=1, B=10. Result: -1
DEBUG - 2025-07-26 03:57:43 --> Comparing A: GEN-10 vs B: GEN-15
DEBUG - 2025-07-26 03:57:43 --> Extracted numbers: A=10, B=15. Result: -1
DEBUG - 2025-07-26 03:57:43 --> Comparing A: GEN-15 vs B: GEN-21
DEBUG - 2025-07-26 03:57:43 --> Extracted numbers: A=15, B=21. Result: -1
DEBUG - 2025-07-26 03:57:43 --> Comparing A: GEN-21 vs B: GEN-28
DEBUG - 2025-07-26 03:57:43 --> Extracted numbers: A=21, B=28. Result: -1
DEBUG - 2025-07-26 03:57:43 --> Comparing A: GEN-28 vs B: GEN-3
DEBUG - 2025-07-26 03:57:43 --> Extracted numbers: A=28, B=3. Result: 1
DEBUG - 2025-07-26 03:57:43 --> Comparing A: GEN-21 vs B: GEN-3
DEBUG - 2025-07-26 03:57:43 --> Extracted numbers: A=21, B=3. Result: 1
DEBUG - 2025-07-26 03:57:43 --> Comparing A: GEN-15 vs B: GEN-3
DEBUG - 2025-07-26 03:57:43 --> Extracted numbers: A=15, B=3. Result: 1
DEBUG - 2025-07-26 03:57:43 --> Comparing A: GEN-10 vs B: GEN-3
DEBUG - 2025-07-26 03:57:43 --> Extracted numbers: A=10, B=3. Result: 1
DEBUG - 2025-07-26 03:57:43 --> Comparing A: GEN-1 vs B: GEN-3
DEBUG - 2025-07-26 03:57:43 --> Extracted numbers: A=1, B=3. Result: -1
DEBUG - 2025-07-26 03:57:43 --> Comparing A: GEN-28 vs B: GEN-36
DEBUG - 2025-07-26 03:57:43 --> Extracted numbers: A=28, B=36. Result: -1
DEBUG - 2025-07-26 03:57:43 --> Comparing A: GEN-36 vs B: GEN-45
DEBUG - 2025-07-26 03:57:43 --> Extracted numbers: A=36, B=45. Result: -1
DEBUG - 2025-07-26 03:57:43 --> Comparing A: GEN-45 vs B: GEN-55
DEBUG - 2025-07-26 03:57:43 --> Extracted numbers: A=45, B=55. Result: -1
DEBUG - 2025-07-26 03:57:43 --> Comparing A: GEN-55 vs B: GEN-6
DEBUG - 2025-07-26 03:57:43 --> Extracted numbers: A=55, B=6. Result: 1
DEBUG - 2025-07-26 03:57:43 --> Comparing A: GEN-36 vs B: GEN-6
DEBUG - 2025-07-26 03:57:43 --> Extracted numbers: A=36, B=6. Result: 1
DEBUG - 2025-07-26 03:57:43 --> Comparing A: GEN-21 vs B: GEN-6
DEBUG - 2025-07-26 03:57:43 --> Extracted numbers: A=21, B=6. Result: 1
DEBUG - 2025-07-26 03:57:43 --> Comparing A: GEN-10 vs B: GEN-6
DEBUG - 2025-07-26 03:57:43 --> Extracted numbers: A=10, B=6. Result: 1
DEBUG - 2025-07-26 03:57:43 --> Comparing A: GEN-1 vs B: GEN-6
DEBUG - 2025-07-26 03:57:43 --> Extracted numbers: A=1, B=6. Result: -1
DEBUG - 2025-07-26 03:57:43 --> Comparing A: GEN-3 vs B: GEN-6
DEBUG - 2025-07-26 03:57:43 --> Extracted numbers: A=3, B=6. Result: -1
DEBUG - 2025-07-26 03:57:43 --> Beds AFTER sorting: ["GEN-1","GEN-3","GEN-6","GEN-10","GEN-15","GEN-21","GEN-28","GEN-36","GEN-45","GEN-55"]
DEBUG - 2025-07-26 03:57:51 --> Session: Class initialized using 'CodeIgniter\Session\Handlers\FileHandler' driver.
DEBUG - 2025-07-26 03:57:51 --> Beds BEFORE sorting: ["GEN-1","GEN-10","GEN-15","GEN-21","GEN-28","GEN-3","GEN-36","GEN-45","GEN-55","GEN-6"]
DEBUG - 2025-07-26 03:57:51 --> Comparing A: GEN-1 vs B: GEN-10
DEBUG - 2025-07-26 03:57:51 --> Extracted numbers: A=1, B=10. Result: -1
DEBUG - 2025-07-26 03:57:51 --> Comparing A: GEN-10 vs B: GEN-15
DEBUG - 2025-07-26 03:57:51 --> Extracted numbers: A=10, B=15. Result: -1
DEBUG - 2025-07-26 03:57:51 --> Comparing A: GEN-15 vs B: GEN-21
DEBUG - 2025-07-26 03:57:51 --> Extracted numbers: A=15, B=21. Result: -1
DEBUG - 2025-07-26 03:57:51 --> Comparing A: GEN-21 vs B: GEN-28
DEBUG - 2025-07-26 03:57:51 --> Extracted numbers: A=21, B=28. Result: -1
DEBUG - 2025-07-26 03:57:51 --> Comparing A: GEN-28 vs B: GEN-3
DEBUG - 2025-07-26 03:57:51 --> Extracted numbers: A=28, B=3. Result: 1
DEBUG - 2025-07-26 03:57:51 --> Comparing A: GEN-21 vs B: GEN-3
DEBUG - 2025-07-26 03:57:51 --> Extracted numbers: A=21, B=3. Result: 1
DEBUG - 2025-07-26 03:57:51 --> Comparing A: GEN-15 vs B: GEN-3
DEBUG - 2025-07-26 03:57:51 --> Extracted numbers: A=15, B=3. Result: 1
DEBUG - 2025-07-26 03:57:51 --> Comparing A: GEN-10 vs B: GEN-3
DEBUG - 2025-07-26 03:57:51 --> Extracted numbers: A=10, B=3. Result: 1
DEBUG - 2025-07-26 03:57:51 --> Comparing A: GEN-1 vs B: GEN-3
DEBUG - 2025-07-26 03:57:51 --> Extracted numbers: A=1, B=3. Result: -1
DEBUG - 2025-07-26 03:57:51 --> Comparing A: GEN-28 vs B: GEN-36
DEBUG - 2025-07-26 03:57:51 --> Extracted numbers: A=28, B=36. Result: -1
DEBUG - 2025-07-26 03:57:51 --> Comparing A: GEN-36 vs B: GEN-45
DEBUG - 2025-07-26 03:57:51 --> Extracted numbers: A=36, B=45. Result: -1
DEBUG - 2025-07-26 03:57:51 --> Comparing A: GEN-45 vs B: GEN-55
DEBUG - 2025-07-26 03:57:51 --> Extracted numbers: A=45, B=55. Result: -1
DEBUG - 2025-07-26 03:57:51 --> Comparing A: GEN-55 vs B: GEN-6
DEBUG - 2025-07-26 03:57:51 --> Extracted numbers: A=55, B=6. Result: 1
DEBUG - 2025-07-26 03:57:51 --> Comparing A: GEN-36 vs B: GEN-6
DEBUG - 2025-07-26 03:57:51 --> Extracted numbers: A=36, B=6. Result: 1
DEBUG - 2025-07-26 03:57:51 --> Comparing A: GEN-21 vs B: GEN-6
DEBUG - 2025-07-26 03:57:51 --> Extracted numbers: A=21, B=6. Result: 1
DEBUG - 2025-07-26 03:57:51 --> Comparing A: GEN-10 vs B: GEN-6
DEBUG - 2025-07-26 03:57:51 --> Extracted numbers: A=10, B=6. Result: 1
DEBUG - 2025-07-26 03:57:51 --> Comparing A: GEN-1 vs B: GEN-6
DEBUG - 2025-07-26 03:57:51 --> Extracted numbers: A=1, B=6. Result: -1
DEBUG - 2025-07-26 03:57:51 --> Comparing A: GEN-3 vs B: GEN-6
DEBUG - 2025-07-26 03:57:51 --> Extracted numbers: A=3, B=6. Result: -1
DEBUG - 2025-07-26 03:57:51 --> Beds AFTER sorting: ["GEN-1","GEN-3","GEN-6","GEN-10","GEN-15","GEN-21","GEN-28","GEN-36","GEN-45","GEN-55"]
DEBUG - 2025-07-26 04:33:28 --> Session: Class initialized using 'CodeIgniter\Session\Handlers\FileHandler' driver.
CRITICAL - 2025-07-26 04:33:28 --> ParseError: syntax error, unexpected token "-", expecting "->" or "?->" or "{" or "["
[Method: GET, Route: beds/ward/1]
in APPPATH\Controllers\BedController.php on line 223.
 1 SYSTEMPATH\Autoloader\Autoloader.php(295): CodeIgniter\Autoloader\Autoloader->includeFile('C:\\xampp\\htdocs\\hms_ram\\app\\Controllers\\BedController.php')
 2 SYSTEMPATH\Autoloader\Autoloader.php(271): CodeIgniter\Autoloader\Autoloader->loadInNamespace('App\\Controllers\\BedController')
 3 [internal function]: CodeIgniter\Autoloader\Autoloader->loadClass('App\\Controllers\\BedController')
 4 SYSTEMPATH\CodeIgniter.php(885): class_exists('\\App\\Controllers\\BedController', true)
 5 SYSTEMPATH\CodeIgniter.php(494): CodeIgniter\CodeIgniter->startController()
 6 SYSTEMPATH\CodeIgniter.php(354): CodeIgniter\CodeIgniter->handleRequest(null, Object(Config\Cache), false)
 7 SYSTEMPATH\Boot.php(334): CodeIgniter\CodeIgniter->run()
 8 SYSTEMPATH\Boot.php(67): CodeIgniter\Boot::runCodeIgniter(Object(CodeIgniter\CodeIgniter))
 9 FCPATH\index.php(46): CodeIgniter\Boot::bootWeb(Object(Config\Paths))
DEBUG - 2025-07-26 04:35:14 --> Session: Class initialized using 'CodeIgniter\Session\Handlers\FileHandler' driver.
DEBUG - 2025-07-26 04:35:14 --> Beds BEFORE sorting: ["GEN-1","GEN-10","GEN-15","GEN-21","GEN-28","GEN-3","GEN-36","GEN-45","GEN-55","GEN-6"]
DEBUG - 2025-07-26 04:35:14 --> Beds AFTER sorting: ["GEN-1","GEN-3","GEN-6","GEN-10","GEN-15","GEN-21","GEN-28","GEN-36","GEN-45","GEN-55"]
DEBUG - 2025-07-26 04:38:22 --> Session: Class initialized using 'CodeIgniter\Session\Handlers\FileHandler' driver.
DEBUG - 2025-07-26 04:38:22 --> Beds BEFORE sorting: ["GEN-1","GEN-10","GEN-15","GEN-21","GEN-28","GEN-3","GEN-36","GEN-45","GEN-55","GEN-6"]
DEBUG - 2025-07-26 04:38:22 --> Beds AFTER sorting: ["GEN-1","GEN-3","GEN-6","GEN-10","GEN-15","GEN-21","GEN-28","GEN-36","GEN-45","GEN-55"]
DEBUG - 2025-07-26 05:15:23 --> Session: Class initialized using 'CodeIgniter\Session\Handlers\FileHandler' driver.
CRITICAL - 2025-07-26 05:15:23 --> ErrorException: Undefined property: CodeIgniter\View\View::$wardModel
[Method: GET, Route: beds]
in APPPATH\Views\hospital_resources\beds\index.php on line 78.
 1 APPPATH\Views\hospital_resources\beds\index.php(78): CodeIgniter\Debug\Exceptions->errorHandler(2, 'Undefined property: CodeIgniter\\View\\View::$wardModel', 'C:\\xampp\\htdocs\\hms_ram\\app\\Views\\hospital_resources\\beds\\index.php', 78)
 2 SYSTEMPATH\View\View.php(224): include('C:\\xampp\\htdocs\\hms_ram\\app\\Views\\hospital_resources\\beds\\index.php')
 3 SYSTEMPATH\View\View.php(227): CodeIgniter\View\View->CodeIgniter\View\{closure}()
 4 SYSTEMPATH\Common.php(1173): CodeIgniter\View\View->render('hospital_resources/beds/index', [], true)
 5 APPPATH\Controllers\Beds.php(53): view('hospital_resources/beds/index', [...])
 6 SYSTEMPATH\CodeIgniter.php(933): App\Controllers\Beds->index()
 7 SYSTEMPATH\CodeIgniter.php(507): CodeIgniter\CodeIgniter->runController(Object(App\Controllers\Beds))
 8 SYSTEMPATH\CodeIgniter.php(354): CodeIgniter\CodeIgniter->handleRequest(null, Object(Config\Cache), false)
 9 SYSTEMPATH\Boot.php(334): CodeIgniter\CodeIgniter->run()
10 SYSTEMPATH\Boot.php(67): CodeIgniter\Boot::runCodeIgniter(Object(CodeIgniter\CodeIgniter))
11 FCPATH\index.php(46): CodeIgniter\Boot::bootWeb(Object(Config\Paths))
DEBUG - 2025-07-26 05:15:24 --> Session: Class initialized using 'CodeIgniter\Session\Handlers\FileHandler' driver.
DEBUG - 2025-07-26 05:15:29 --> Session: Class initialized using 'CodeIgniter\Session\Handlers\FileHandler' driver.
DEBUG - 2025-07-26 05:15:39 --> Session: Class initialized using 'CodeIgniter\Session\Handlers\FileHandler' driver.
DEBUG - 2025-07-26 05:15:43 --> Session: Class initialized using 'CodeIgniter\Session\Handlers\FileHandler' driver.
CRITICAL - 2025-07-26 05:15:43 --> ErrorException: Undefined property: CodeIgniter\View\View::$wardModel
[Method: GET, Route: beds]
in APPPATH\Views\hospital_resources\beds\index.php on line 78.
 1 APPPATH\Views\hospital_resources\beds\index.php(78): CodeIgniter\Debug\Exceptions->errorHandler(2, 'Undefined property: CodeIgniter\\View\\View::$wardModel', 'C:\\xampp\\htdocs\\hms_ram\\app\\Views\\hospital_resources\\beds\\index.php', 78)
 2 SYSTEMPATH\View\View.php(224): include('C:\\xampp\\htdocs\\hms_ram\\app\\Views\\hospital_resources\\beds\\index.php')
 3 SYSTEMPATH\View\View.php(227): CodeIgniter\View\View->CodeIgniter\View\{closure}()
 4 SYSTEMPATH\Common.php(1173): CodeIgniter\View\View->render('hospital_resources/beds/index', [], true)
 5 APPPATH\Controllers\Beds.php(53): view('hospital_resources/beds/index', [...])
 6 SYSTEMPATH\CodeIgniter.php(933): App\Controllers\Beds->index()
 7 SYSTEMPATH\CodeIgniter.php(507): CodeIgniter\CodeIgniter->runController(Object(App\Controllers\Beds))
 8 SYSTEMPATH\CodeIgniter.php(354): CodeIgniter\CodeIgniter->handleRequest(null, Object(Config\Cache), false)
 9 SYSTEMPATH\Boot.php(334): CodeIgniter\CodeIgniter->run()
10 SYSTEMPATH\Boot.php(67): CodeIgniter\Boot::runCodeIgniter(Object(CodeIgniter\CodeIgniter))
11 FCPATH\index.php(46): CodeIgniter\Boot::bootWeb(Object(Config\Paths))
DEBUG - 2025-07-26 05:35:10 --> Session: Class initialized using 'CodeIgniter\Session\Handlers\FileHandler' driver.
DEBUG - 2025-07-26 05:35:23 --> Session: Class initialized using 'CodeIgniter\Session\Handlers\FileHandler' driver.
DEBUG - 2025-07-26 05:35:33 --> Session: Class initialized using 'CodeIgniter\Session\Handlers\FileHandler' driver.
DEBUG - 2025-07-26 05:36:11 --> Session: Class initialized using 'CodeIgniter\Session\Handlers\FileHandler' driver.
ERROR - 2025-07-26 05:36:15 --> Error connecting to the database: mysqli_sql_exception: No connection could be made because the target machine actively refused it in C:\xampp\htdocs\hms_ram\system\Database\MySQLi\Connection.php:201
Stack trace:
#0 C:\xampp\htdocs\hms_ram\system\Database\MySQLi\Connection.php(201): mysqli->real_connect('localhost', 'root', Object(SensitiveParameterValue), 'hms_ram', 3306, '', 0)
#1 C:\xampp\htdocs\hms_ram\system\Database\BaseConnection.php(421): CodeIgniter\Database\MySQLi\Connection->connect(false)
#2 C:\xampp\htdocs\hms_ram\system\Database\BaseConnection.php(620): CodeIgniter\Database\BaseConnection->initialize()
#3 C:\xampp\htdocs\hms_ram\system\Database\BaseBuilder.php(1649): CodeIgniter\Database\BaseConnection->query('SELECT 1\nFROM `...', Array, false)
#4 C:\xampp\htdocs\hms_ram\system\Validation\Rules.php(175): CodeIgniter\Database\BaseBuilder->get()
#5 C:\xampp\htdocs\hms_ram\system\Validation\StrictRules\Rules.php(187): CodeIgniter\Validation\Rules->is_unique('General Ward', 'wards.name,id,{...', Array)
#6 C:\xampp\htdocs\hms_ram\system\Validation\Validation.php(336): CodeIgniter\Validation\StrictRules\Rules->is_unique('General Ward', 'wards.name,id,{...', Array, NULL, 'name')
#7 C:\xampp\htdocs\hms_ram\system\Validation\Validation.php(201): CodeIgniter\Validation\Validation->processRules('name', 'name', 'General Ward', Array, Array, 'name')
#8 C:\xampp\htdocs\hms_ram\system\Controller.php(138): CodeIgniter\Validation\Validation->run()
#9 C:\xampp\htdocs\hms_ram\app\Controllers\Wards.php(54): CodeIgniter\Controller->validate(Array)
#10 C:\xampp\htdocs\hms_ram\system\CodeIgniter.php(933): App\Controllers\Wards->store()
#11 C:\xampp\htdocs\hms_ram\system\CodeIgniter.php(507): CodeIgniter\CodeIgniter->runController(Object(App\Controllers\Wards))
#12 C:\xampp\htdocs\hms_ram\system\CodeIgniter.php(354): CodeIgniter\CodeIgniter->handleRequest(NULL, Object(Config\Cache), false)
#13 C:\xampp\htdocs\hms_ram\system\Boot.php(334): CodeIgniter\CodeIgniter->run()
#14 C:\xampp\htdocs\hms_ram\system\Boot.php(67): CodeIgniter\Boot::runCodeIgniter(Object(CodeIgniter\CodeIgniter))
#15 C:\xampp\htdocs\hms_ram\index.php(46): CodeIgniter\Boot::bootWeb(Object(Config\Paths))
#16 {main}

Next CodeIgniter\Database\Exceptions\DatabaseException: No connection could be made because the target machine actively refused it in C:\xampp\htdocs\hms_ram\system\Database\MySQLi\Connection.php:246
Stack trace:
#0 C:\xampp\htdocs\hms_ram\system\Database\BaseConnection.php(421): CodeIgniter\Database\MySQLi\Connection->connect(false)
#1 C:\xampp\htdocs\hms_ram\system\Database\BaseConnection.php(620): CodeIgniter\Database\BaseConnection->initialize()
#2 C:\xampp\htdocs\hms_ram\system\Database\BaseBuilder.php(1649): CodeIgniter\Database\BaseConnection->query('SELECT 1\nFROM `...', Array, false)
#3 C:\xampp\htdocs\hms_ram\system\Validation\Rules.php(175): CodeIgniter\Database\BaseBuilder->get()
#4 C:\xampp\htdocs\hms_ram\system\Validation\StrictRules\Rules.php(187): CodeIgniter\Validation\Rules->is_unique('General Ward', 'wards.name,id,{...', Array)
#5 C:\xampp\htdocs\hms_ram\system\Validation\Validation.php(336): CodeIgniter\Validation\StrictRules\Rules->is_unique('General Ward', 'wards.name,id,{...', Array, NULL, 'name')
#6 C:\xampp\htdocs\hms_ram\system\Validation\Validation.php(201): CodeIgniter\Validation\Validation->processRules('name', 'name', 'General Ward', Array, Array, 'name')
#7 C:\xampp\htdocs\hms_ram\system\Controller.php(138): CodeIgniter\Validation\Validation->run()
#8 C:\xampp\htdocs\hms_ram\app\Controllers\Wards.php(54): CodeIgniter\Controller->validate(Array)
#9 C:\xampp\htdocs\hms_ram\system\CodeIgniter.php(933): App\Controllers\Wards->store()
#10 C:\xampp\htdocs\hms_ram\system\CodeIgniter.php(507): CodeIgniter\CodeIgniter->runController(Object(App\Controllers\Wards))
#11 C:\xampp\htdocs\hms_ram\system\CodeIgniter.php(354): CodeIgniter\CodeIgniter->handleRequest(NULL, Object(Config\Cache), false)
#12 C:\xampp\htdocs\hms_ram\system\Boot.php(334): CodeIgniter\CodeIgniter->run()
#13 C:\xampp\htdocs\hms_ram\system\Boot.php(67): CodeIgniter\Boot::runCodeIgniter(Object(CodeIgniter\CodeIgniter))
#14 C:\xampp\htdocs\hms_ram\index.php(46): CodeIgniter\Boot::bootWeb(Object(Config\Paths))
#15 {main}
CRITICAL - 2025-07-26 05:36:15 --> CodeIgniter\Database\Exceptions\DatabaseException: Unable to connect to the database.
Main connection [MySQLi]: No connection could be made because the target machine actively refused it
[Method: POST, Route: wards/store]
in SYSTEMPATH\Database\BaseConnection.php on line 467.
 1 SYSTEMPATH\Database\BaseConnection.php(620): CodeIgniter\Database\BaseConnection->initialize()
 2 SYSTEMPATH\Database\BaseBuilder.php(1649): CodeIgniter\Database\BaseConnection->query('SELECT 1
FROM `wards`
WHERE `name` = :name:
 LIMIT 1', [...], false)
 3 SYSTEMPATH\Validation\Rules.php(175): CodeIgniter\Database\BaseBuilder->get()
 4 SYSTEMPATH\Validation\StrictRules\Rules.php(187): CodeIgniter\Validation\Rules->is_unique('General Ward', 'wards.name,id,{id}', [...])
 5 SYSTEMPATH\Validation\Validation.php(336): CodeIgniter\Validation\StrictRules\Rules->is_unique('General Ward', 'wards.name,id,{id}', [...], null, 'name')
 6 SYSTEMPATH\Validation\Validation.php(201): CodeIgniter\Validation\Validation->processRules('name', 'name', 'General Ward', [...], [...], 'name')
 7 SYSTEMPATH\Controller.php(138): CodeIgniter\Validation\Validation->run()
 8 APPPATH\Controllers\Wards.php(54): CodeIgniter\Controller->validate([...])
 9 SYSTEMPATH\CodeIgniter.php(933): App\Controllers\Wards->store()
10 SYSTEMPATH\CodeIgniter.php(507): CodeIgniter\CodeIgniter->runController(Object(App\Controllers\Wards))
11 SYSTEMPATH\CodeIgniter.php(354): CodeIgniter\CodeIgniter->handleRequest(null, Object(Config\Cache), false)
12 SYSTEMPATH\Boot.php(334): CodeIgniter\CodeIgniter->run()
13 SYSTEMPATH\Boot.php(67): CodeIgniter\Boot::runCodeIgniter(Object(CodeIgniter\CodeIgniter))
14 FCPATH\index.php(46): CodeIgniter\Boot::bootWeb(Object(Config\Paths))
DEBUG - 2025-07-26 05:38:05 --> Session: Class initialized using 'CodeIgniter\Session\Handlers\FileHandler' driver.
DEBUG - 2025-07-26 05:38:06 --> Session: Class initialized using 'CodeIgniter\Session\Handlers\FileHandler' driver.
DEBUG - 2025-07-26 05:38:11 --> Session: Class initialized using 'CodeIgniter\Session\Handlers\FileHandler' driver.
DEBUG - 2025-07-26 05:38:17 --> Session: Class initialized using 'CodeIgniter\Session\Handlers\FileHandler' driver.
CRITICAL - 2025-07-26 05:38:17 --> ErrorException: Undefined property: CodeIgniter\View\View::$wardModel
[Method: GET, Route: beds]
in APPPATH\Views\hospital_resources\beds\index.php on line 78.
 1 APPPATH\Views\hospital_resources\beds\index.php(78): CodeIgniter\Debug\Exceptions->errorHandler(2, 'Undefined property: CodeIgniter\\View\\View::$wardModel', 'C:\\xampp\\htdocs\\hms_ram\\app\\Views\\hospital_resources\\beds\\index.php', 78)
 2 SYSTEMPATH\View\View.php(224): include('C:\\xampp\\htdocs\\hms_ram\\app\\Views\\hospital_resources\\beds\\index.php')
 3 SYSTEMPATH\View\View.php(227): CodeIgniter\View\View->CodeIgniter\View\{closure}()
 4 SYSTEMPATH\Common.php(1173): CodeIgniter\View\View->render('hospital_resources/beds/index', [], true)
 5 APPPATH\Controllers\Beds.php(53): view('hospital_resources/beds/index', [...])
 6 SYSTEMPATH\CodeIgniter.php(933): App\Controllers\Beds->index()
 7 SYSTEMPATH\CodeIgniter.php(507): CodeIgniter\CodeIgniter->runController(Object(App\Controllers\Beds))
 8 SYSTEMPATH\CodeIgniter.php(354): CodeIgniter\CodeIgniter->handleRequest(null, Object(Config\Cache), false)
 9 SYSTEMPATH\Boot.php(334): CodeIgniter\CodeIgniter->run()
10 SYSTEMPATH\Boot.php(67): CodeIgniter\Boot::runCodeIgniter(Object(CodeIgniter\CodeIgniter))
11 FCPATH\index.php(46): CodeIgniter\Boot::bootWeb(Object(Config\Paths))
DEBUG - 2025-07-26 05:38:23 --> Session: Class initialized using 'CodeIgniter\Session\Handlers\FileHandler' driver.
DEBUG - 2025-07-26 05:38:32 --> Session: Class initialized using 'CodeIgniter\Session\Handlers\FileHandler' driver.
CRITICAL - 2025-07-26 05:38:32 --> ErrorException: Undefined property: CodeIgniter\View\View::$wardModel
[Method: GET, Route: beds]
in APPPATH\Views\hospital_resources\beds\index.php on line 78.
 1 APPPATH\Views\hospital_resources\beds\index.php(78): CodeIgniter\Debug\Exceptions->errorHandler(2, 'Undefined property: CodeIgniter\\View\\View::$wardModel', 'C:\\xampp\\htdocs\\hms_ram\\app\\Views\\hospital_resources\\beds\\index.php', 78)
 2 SYSTEMPATH\View\View.php(224): include('C:\\xampp\\htdocs\\hms_ram\\app\\Views\\hospital_resources\\beds\\index.php')
 3 SYSTEMPATH\View\View.php(227): CodeIgniter\View\View->CodeIgniter\View\{closure}()
 4 SYSTEMPATH\Common.php(1173): CodeIgniter\View\View->render('hospital_resources/beds/index', [], true)
 5 APPPATH\Controllers\Beds.php(53): view('hospital_resources/beds/index', [...])
 6 SYSTEMPATH\CodeIgniter.php(933): App\Controllers\Beds->index()
 7 SYSTEMPATH\CodeIgniter.php(507): CodeIgniter\CodeIgniter->runController(Object(App\Controllers\Beds))
 8 SYSTEMPATH\CodeIgniter.php(354): CodeIgniter\CodeIgniter->handleRequest(null, Object(Config\Cache), false)
 9 SYSTEMPATH\Boot.php(334): CodeIgniter\CodeIgniter->run()
10 SYSTEMPATH\Boot.php(67): CodeIgniter\Boot::runCodeIgniter(Object(CodeIgniter\CodeIgniter))
11 FCPATH\index.php(46): CodeIgniter\Boot::bootWeb(Object(Config\Paths))
DEBUG - 2025-07-26 05:39:17 --> Session: Class initialized using 'CodeIgniter\Session\Handlers\FileHandler' driver.
CRITICAL - 2025-07-26 05:39:17 --> ErrorException: Undefined property: CodeIgniter\View\View::$wardModel
[Method: GET, Route: beds]
in APPPATH\Views\hospital_resources\beds\index.php on line 78.
 1 APPPATH\Views\hospital_resources\beds\index.php(78): CodeIgniter\Debug\Exceptions->errorHandler(2, 'Undefined property: CodeIgniter\\View\\View::$wardModel', 'C:\\xampp\\htdocs\\hms_ram\\app\\Views\\hospital_resources\\beds\\index.php', 78)
 2 SYSTEMPATH\View\View.php(224): include('C:\\xampp\\htdocs\\hms_ram\\app\\Views\\hospital_resources\\beds\\index.php')
 3 SYSTEMPATH\View\View.php(227): CodeIgniter\View\View->CodeIgniter\View\{closure}()
 4 SYSTEMPATH\Common.php(1173): CodeIgniter\View\View->render('hospital_resources/beds/index', [], true)
 5 APPPATH\Controllers\Beds.php(54): view('hospital_resources/beds/index', [...])
 6 SYSTEMPATH\CodeIgniter.php(933): App\Controllers\Beds->index()
 7 SYSTEMPATH\CodeIgniter.php(507): CodeIgniter\CodeIgniter->runController(Object(App\Controllers\Beds))
 8 SYSTEMPATH\CodeIgniter.php(354): CodeIgniter\CodeIgniter->handleRequest(null, Object(Config\Cache), false)
 9 SYSTEMPATH\Boot.php(334): CodeIgniter\CodeIgniter->run()
10 SYSTEMPATH\Boot.php(67): CodeIgniter\Boot::runCodeIgniter(Object(CodeIgniter\CodeIgniter))
11 FCPATH\index.php(46): CodeIgniter\Boot::bootWeb(Object(Config\Paths))
DEBUG - 2025-07-26 05:39:24 --> Session: Class initialized using 'CodeIgniter\Session\Handlers\FileHandler' driver.
CRITICAL - 2025-07-26 05:39:24 --> ErrorException: Undefined property: CodeIgniter\View\View::$wardModel
[Method: GET, Route: beds]
in APPPATH\Views\hospital_resources\beds\index.php on line 78.
 1 APPPATH\Views\hospital_resources\beds\index.php(78): CodeIgniter\Debug\Exceptions->errorHandler(2, 'Undefined property: CodeIgniter\\View\\View::$wardModel', 'C:\\xampp\\htdocs\\hms_ram\\app\\Views\\hospital_resources\\beds\\index.php', 78)
 2 SYSTEMPATH\View\View.php(224): include('C:\\xampp\\htdocs\\hms_ram\\app\\Views\\hospital_resources\\beds\\index.php')
 3 SYSTEMPATH\View\View.php(227): CodeIgniter\View\View->CodeIgniter\View\{closure}()
 4 SYSTEMPATH\Common.php(1173): CodeIgniter\View\View->render('hospital_resources/beds/index', [], true)
 5 APPPATH\Controllers\Beds.php(54): view('hospital_resources/beds/index', [...])
 6 SYSTEMPATH\CodeIgniter.php(933): App\Controllers\Beds->index()
 7 SYSTEMPATH\CodeIgniter.php(507): CodeIgniter\CodeIgniter->runController(Object(App\Controllers\Beds))
 8 SYSTEMPATH\CodeIgniter.php(354): CodeIgniter\CodeIgniter->handleRequest(null, Object(Config\Cache), false)
 9 SYSTEMPATH\Boot.php(334): CodeIgniter\CodeIgniter->run()
10 SYSTEMPATH\Boot.php(67): CodeIgniter\Boot::runCodeIgniter(Object(CodeIgniter\CodeIgniter))
11 FCPATH\index.php(46): CodeIgniter\Boot::bootWeb(Object(Config\Paths))
DEBUG - 2025-07-26 05:42:05 --> Session: Class initialized using 'CodeIgniter\Session\Handlers\FileHandler' driver.
DEBUG - 2025-07-26 05:42:11 --> Session: Class initialized using 'CodeIgniter\Session\Handlers\FileHandler' driver.
DEBUG - 2025-07-26 05:42:12 --> Session: Class initialized using 'CodeIgniter\Session\Handlers\FileHandler' driver.
DEBUG - 2025-07-26 05:42:23 --> Session: Class initialized using 'CodeIgniter\Session\Handlers\FileHandler' driver.
DEBUG - 2025-07-26 05:42:27 --> Session: Class initialized using 'CodeIgniter\Session\Handlers\FileHandler' driver.
DEBUG - 2025-07-26 05:42:36 --> Session: Class initialized using 'CodeIgniter\Session\Handlers\FileHandler' driver.
DEBUG - 2025-07-26 05:42:39 --> Session: Class initialized using 'CodeIgniter\Session\Handlers\FileHandler' driver.
DEBUG - 2025-07-26 05:48:38 --> Session: Class initialized using 'CodeIgniter\Session\Handlers\FileHandler' driver.
DEBUG - 2025-07-26 05:51:49 --> Session: Class initialized using 'CodeIgniter\Session\Handlers\FileHandler' driver.
DEBUG - 2025-07-26 05:51:53 --> Session: Class initialized using 'CodeIgniter\Session\Handlers\FileHandler' driver.
DEBUG - 2025-07-26 05:51:53 --> Session: Class initialized using 'CodeIgniter\Session\Handlers\FileHandler' driver.
DEBUG - 2025-07-26 05:51:56 --> Session: Class initialized using 'CodeIgniter\Session\Handlers\FileHandler' driver.
DEBUG - 2025-07-26 05:52:52 --> Session: Class initialized using 'CodeIgniter\Session\Handlers\FileHandler' driver.
DEBUG - 2025-07-26 05:52:55 --> Session: Class initialized using 'CodeIgniter\Session\Handlers\FileHandler' driver.
DEBUG - 2025-07-26 05:53:00 --> Session: Class initialized using 'CodeIgniter\Session\Handlers\FileHandler' driver.
DEBUG - 2025-07-26 05:53:00 --> Session: Class initialized using 'CodeIgniter\Session\Handlers\FileHandler' driver.
DEBUG - 2025-07-26 05:53:03 --> Session: Class initialized using 'CodeIgniter\Session\Handlers\FileHandler' driver.
DEBUG - 2025-07-26 05:53:43 --> Session: Class initialized using 'CodeIgniter\Session\Handlers\FileHandler' driver.
DEBUG - 2025-07-26 05:53:47 --> Session: Class initialized using 'CodeIgniter\Session\Handlers\FileHandler' driver.
DEBUG - 2025-07-26 05:56:26 --> Session: Class initialized using 'CodeIgniter\Session\Handlers\FileHandler' driver.
DEBUG - 2025-07-26 05:57:00 --> Session: Class initialized using 'CodeIgniter\Session\Handlers\FileHandler' driver.
DEBUG - 2025-07-26 05:57:47 --> Session: Class initialized using 'CodeIgniter\Session\Handlers\FileHandler' driver.
DEBUG - 2025-07-26 05:57:51 --> Session: Class initialized using 'CodeIgniter\Session\Handlers\FileHandler' driver.
DEBUG - 2025-07-26 05:57:53 --> Session: Class initialized using 'CodeIgniter\Session\Handlers\FileHandler' driver.
DEBUG - 2025-07-26 06:03:06 --> Session: Class initialized using 'CodeIgniter\Session\Handlers\FileHandler' driver.
DEBUG - 2025-07-26 06:03:37 --> Session: Class initialized using 'CodeIgniter\Session\Handlers\FileHandler' driver.
DEBUG - 2025-07-26 06:03:50 --> Session: Class initialized using 'CodeIgniter\Session\Handlers\FileHandler' driver.
DEBUG - 2025-07-26 06:04:01 --> Session: Class initialized using 'CodeIgniter\Session\Handlers\FileHandler' driver.
DEBUG - 2025-07-26 06:04:03 --> Session: Class initialized using 'CodeIgniter\Session\Handlers\FileHandler' driver.
DEBUG - 2025-07-26 06:05:01 --> Session: Class initialized using 'CodeIgniter\Session\Handlers\FileHandler' driver.
DEBUG - 2025-07-26 06:05:01 --> Session: Class initialized using 'CodeIgniter\Session\Handlers\FileHandler' driver.
DEBUG - 2025-07-26 06:06:54 --> Session: Class initialized using 'CodeIgniter\Session\Handlers\FileHandler' driver.
DEBUG - 2025-07-26 06:06:59 --> Session: Class initialized using 'CodeIgniter\Session\Handlers\FileHandler' driver.
DEBUG - 2025-07-26 06:07:01 --> Session: Class initialized using 'CodeIgniter\Session\Handlers\FileHandler' driver.
DEBUG - 2025-07-26 06:07:08 --> Session: Class initialized using 'CodeIgniter\Session\Handlers\FileHandler' driver.
DEBUG - 2025-07-26 06:07:15 --> Session: Class initialized using 'CodeIgniter\Session\Handlers\FileHandler' driver.
DEBUG - 2025-07-26 06:07:26 --> Session: Class initialized using 'CodeIgniter\Session\Handlers\FileHandler' driver.
DEBUG - 2025-07-26 06:07:36 --> Session: Class initialized using 'CodeIgniter\Session\Handlers\FileHandler' driver.
DEBUG - 2025-07-26 06:07:54 --> Session: Class initialized using 'CodeIgniter\Session\Handlers\FileHandler' driver.
DEBUG - 2025-07-26 06:09:57 --> Session: Class initialized using 'CodeIgniter\Session\Handlers\FileHandler' driver.
DEBUG - 2025-07-26 06:13:30 --> Session: Class initialized using 'CodeIgniter\Session\Handlers\FileHandler' driver.
DEBUG - 2025-07-26 06:13:35 --> Session: Class initialized using 'CodeIgniter\Session\Handlers\FileHandler' driver.
DEBUG - 2025-07-26 06:15:04 --> Session: Class initialized using 'CodeIgniter\Session\Handlers\FileHandler' driver.
CRITICAL - 2025-07-26 06:15:04 --> Error: Call to undefined method CodeIgniter\Autoloader\Autoloader::extend()
[Method: GET, Route: beds]
in APPPATH\Controllers\Beds.php on line 1.
 1 SYSTEMPATH\Autoloader\Autoloader.php(316): include_once()
 2 SYSTEMPATH\Autoloader\Autoloader.php(295): CodeIgniter\Autoloader\Autoloader->includeFile('C:\\xampp\\htdocs\\hms_ram\\app\\Controllers\\Beds.php')
 3 SYSTEMPATH\Autoloader\Autoloader.php(271): CodeIgniter\Autoloader\Autoloader->loadInNamespace('App\\Controllers\\Beds')
 4 [internal function]: CodeIgniter\Autoloader\Autoloader->loadClass('App\\Controllers\\Beds')
 5 SYSTEMPATH\CodeIgniter.php(885): class_exists('\\App\\Controllers\\Beds', true)
 6 SYSTEMPATH\CodeIgniter.php(494): CodeIgniter\CodeIgniter->startController()
 7 SYSTEMPATH\CodeIgniter.php(354): CodeIgniter\CodeIgniter->handleRequest(null, Object(Config\Cache), false)
 8 SYSTEMPATH\Boot.php(334): CodeIgniter\CodeIgniter->run()
 9 SYSTEMPATH\Boot.php(67): CodeIgniter\Boot::runCodeIgniter(Object(CodeIgniter\CodeIgniter))
10 FCPATH\index.php(46): CodeIgniter\Boot::bootWeb(Object(Config\Paths))
DEBUG - 2025-07-26 06:15:48 --> Session: Class initialized using 'CodeIgniter\Session\Handlers\FileHandler' driver.
DEBUG - 2025-07-26 06:15:54 --> Session: Class initialized using 'CodeIgniter\Session\Handlers\FileHandler' driver.
DEBUG - 2025-07-26 06:18:23 --> Session: Class initialized using 'CodeIgniter\Session\Handlers\FileHandler' driver.
DEBUG - 2025-07-26 06:18:25 --> Session: Class initialized using 'CodeIgniter\Session\Handlers\FileHandler' driver.
DEBUG - 2025-07-26 06:18:29 --> Session: Class initialized using 'CodeIgniter\Session\Handlers\FileHandler' driver.
DEBUG - 2025-07-26 06:19:49 --> Session: Class initialized using 'CodeIgniter\Session\Handlers\FileHandler' driver.
DEBUG - 2025-07-26 06:19:54 --> Session: Class initialized using 'CodeIgniter\Session\Handlers\FileHandler' driver.
DEBUG - 2025-07-26 06:20:23 --> Session: Class initialized using 'CodeIgniter\Session\Handlers\FileHandler' driver.
DEBUG - 2025-07-26 06:20:29 --> Session: Class initialized using 'CodeIgniter\Session\Handlers\FileHandler' driver.
DEBUG - 2025-07-26 06:20:31 --> Session: Class initialized using 'CodeIgniter\Session\Handlers\FileHandler' driver.
DEBUG - 2025-07-26 06:20:39 --> Session: Class initialized using 'CodeIgniter\Session\Handlers\FileHandler' driver.
DEBUG - 2025-07-26 06:20:45 --> Session: Class initialized using 'CodeIgniter\Session\Handlers\FileHandler' driver.
DEBUG - 2025-07-26 06:22:10 --> Session: Class initialized using 'CodeIgniter\Session\Handlers\FileHandler' driver.
DEBUG - 2025-07-26 06:22:15 --> Session: Class initialized using 'CodeIgniter\Session\Handlers\FileHandler' driver.
DEBUG - 2025-07-26 06:22:18 --> Session: Class initialized using 'CodeIgniter\Session\Handlers\FileHandler' driver.
DEBUG - 2025-07-26 06:23:34 --> Session: Class initialized using 'CodeIgniter\Session\Handlers\FileHandler' driver.
DEBUG - 2025-07-26 06:23:36 --> Session: Class initialized using 'CodeIgniter\Session\Handlers\FileHandler' driver.
DEBUG - 2025-07-26 06:23:42 --> Session: Class initialized using 'CodeIgniter\Session\Handlers\FileHandler' driver.
DEBUG - 2025-07-26 06:23:42 --> Beds::updateStatus called for ID: 1
DEBUG - 2025-07-26 06:23:42 --> Request Method: POST
DEBUG - 2025-07-26 06:23:42 --> Raw POST data: {"status":"Occupied","da705374ba5a9dd07c2ecb60f67ae810":"csrf_test_name"}
DEBUG - 2025-07-26 06:23:42 --> Server REQUEST_METHOD: POST
ERROR - 2025-07-26 06:23:42 --> Invalid request method. Expected POST, got POST
DEBUG - 2025-07-26 06:24:46 --> Session: Class initialized using 'CodeIgniter\Session\Handlers\FileHandler' driver.
DEBUG - 2025-07-26 06:24:51 --> Session: Class initialized using 'CodeIgniter\Session\Handlers\FileHandler' driver.
DEBUG - 2025-07-26 06:24:51 --> Beds::updateStatus called for ID: 1
DEBUG - 2025-07-26 06:24:51 --> Request Method: POST
DEBUG - 2025-07-26 06:24:51 --> Raw POST data: {"status":"Occupied","da705374ba5a9dd07c2ecb60f67ae810":"csrf_test_name"}
DEBUG - 2025-07-26 06:24:51 --> Server REQUEST_METHOD: POST
DEBUG - 2025-07-26 06:24:51 --> Bed status updated successfully for ID: 1 to Occupied
DEBUG - 2025-07-26 06:24:53 --> Session: Class initialized using 'CodeIgniter\Session\Handlers\FileHandler' driver.
DEBUG - 2025-07-26 06:25:01 --> Session: Class initialized using 'CodeIgniter\Session\Handlers\FileHandler' driver.
DEBUG - 2025-07-26 06:25:01 --> Beds::updateStatus called for ID: 1
DEBUG - 2025-07-26 06:25:01 --> Request Method: POST
DEBUG - 2025-07-26 06:25:01 --> Raw POST data: {"status":"Under Maintenance","da705374ba5a9dd07c2ecb60f67ae810":"csrf_test_name"}
DEBUG - 2025-07-26 06:25:01 --> Server REQUEST_METHOD: POST
DEBUG - 2025-07-26 06:25:01 --> Bed status updated successfully for ID: 1 to Under Maintenance
DEBUG - 2025-07-26 06:25:02 --> Session: Class initialized using 'CodeIgniter\Session\Handlers\FileHandler' driver.
DEBUG - 2025-07-26 06:25:07 --> Session: Class initialized using 'CodeIgniter\Session\Handlers\FileHandler' driver.
DEBUG - 2025-07-26 06:25:07 --> Beds::updateStatus called for ID: 1
DEBUG - 2025-07-26 06:25:07 --> Request Method: POST
DEBUG - 2025-07-26 06:25:07 --> Raw POST data: {"status":"Dirty","da705374ba5a9dd07c2ecb60f67ae810":"csrf_test_name"}
DEBUG - 2025-07-26 06:25:07 --> Server REQUEST_METHOD: POST
DEBUG - 2025-07-26 06:25:07 --> Bed status updated successfully for ID: 1 to Dirty
DEBUG - 2025-07-26 06:25:08 --> Session: Class initialized using 'CodeIgniter\Session\Handlers\FileHandler' driver.
DEBUG - 2025-07-26 06:25:12 --> Session: Class initialized using 'CodeIgniter\Session\Handlers\FileHandler' driver.
DEBUG - 2025-07-26 06:25:12 --> Beds::updateStatus called for ID: 1
DEBUG - 2025-07-26 06:25:12 --> Request Method: POST
DEBUG - 2025-07-26 06:25:12 --> Raw POST data: {"status":"Available","da705374ba5a9dd07c2ecb60f67ae810":"csrf_test_name"}
DEBUG - 2025-07-26 06:25:12 --> Server REQUEST_METHOD: POST
DEBUG - 2025-07-26 06:25:12 --> Bed status updated successfully for ID: 1 to Available
DEBUG - 2025-07-26 06:25:13 --> Session: Class initialized using 'CodeIgniter\Session\Handlers\FileHandler' driver.
DEBUG - 2025-07-26 06:27:21 --> Session: Class initialized using 'CodeIgniter\Session\Handlers\FileHandler' driver.
DEBUG - 2025-07-26 06:27:21 --> Beds::updateStatus called for ID: 1
DEBUG - 2025-07-26 06:27:21 --> Request Method: POST
DEBUG - 2025-07-26 06:27:21 --> Raw POST data: {"status":"Occupied","da705374ba5a9dd07c2ecb60f67ae810":"csrf_test_name"}
DEBUG - 2025-07-26 06:27:21 --> Server REQUEST_METHOD: POST
DEBUG - 2025-07-26 06:27:21 --> Bed status updated successfully for ID: 1 to Occupied
DEBUG - 2025-07-26 06:27:22 --> Session: Class initialized using 'CodeIgniter\Session\Handlers\FileHandler' driver.
DEBUG - 2025-07-26 06:28:24 --> Session: Class initialized using 'CodeIgniter\Session\Handlers\FileHandler' driver.
DEBUG - 2025-07-26 06:28:26 --> Session: Class initialized using 'CodeIgniter\Session\Handlers\FileHandler' driver.
DEBUG - 2025-07-26 06:28:49 --> Session: Class initialized using 'CodeIgniter\Session\Handlers\FileHandler' driver.
DEBUG - 2025-07-26 06:28:49 --> Beds::updateStatus called for ID: 1
DEBUG - 2025-07-26 06:28:49 --> Request Method: POST
DEBUG - 2025-07-26 06:28:49 --> Raw POST data: {"status":"Under Maintenance","da705374ba5a9dd07c2ecb60f67ae810":"csrf_test_name"}
DEBUG - 2025-07-26 06:28:49 --> Server REQUEST_METHOD: POST
DEBUG - 2025-07-26 06:28:49 --> Bed status updated successfully for ID: 1 to Under Maintenance
DEBUG - 2025-07-26 06:28:50 --> Session: Class initialized using 'CodeIgniter\Session\Handlers\FileHandler' driver.
DEBUG - 2025-07-26 06:29:30 --> Session: Class initialized using 'CodeIgniter\Session\Handlers\FileHandler' driver.
DEBUG - 2025-07-26 06:29:37 --> Session: Class initialized using 'CodeIgniter\Session\Handlers\FileHandler' driver.
DEBUG - 2025-07-26 06:29:37 --> Beds::updateStatus called for ID: 1
DEBUG - 2025-07-26 06:29:37 --> Request Method: POST
DEBUG - 2025-07-26 06:29:37 --> Raw POST data: {"status":"Dirty","da705374ba5a9dd07c2ecb60f67ae810":"csrf_test_name"}
DEBUG - 2025-07-26 06:29:37 --> Server REQUEST_METHOD: POST
DEBUG - 2025-07-26 06:29:37 --> Bed status updated successfully for ID: 1 to Dirty
DEBUG - 2025-07-26 06:29:38 --> Session: Class initialized using 'CodeIgniter\Session\Handlers\FileHandler' driver.
DEBUG - 2025-07-26 06:29:44 --> Session: Class initialized using 'CodeIgniter\Session\Handlers\FileHandler' driver.
DEBUG - 2025-07-26 06:29:44 --> Beds::updateStatus called for ID: 1
DEBUG - 2025-07-26 06:29:44 --> Request Method: POST
DEBUG - 2025-07-26 06:29:44 --> Raw POST data: {"status":"Under Maintenance","da705374ba5a9dd07c2ecb60f67ae810":"csrf_test_name"}
DEBUG - 2025-07-26 06:29:44 --> Server REQUEST_METHOD: POST
DEBUG - 2025-07-26 06:29:44 --> Bed status updated successfully for ID: 1 to Under Maintenance
DEBUG - 2025-07-26 06:29:50 --> Session: Class initialized using 'CodeIgniter\Session\Handlers\FileHandler' driver.
DEBUG - 2025-07-26 06:31:15 --> Session: Class initialized using 'CodeIgniter\Session\Handlers\FileHandler' driver.
DEBUG - 2025-07-26 06:32:16 --> Session: Class initialized using 'CodeIgniter\Session\Handlers\FileHandler' driver.
DEBUG - 2025-07-26 06:32:26 --> Session: Class initialized using 'CodeIgniter\Session\Handlers\FileHandler' driver.
DEBUG - 2025-07-26 06:32:35 --> Session: Class initialized using 'CodeIgniter\Session\Handlers\FileHandler' driver.
DEBUG - 2025-07-26 06:32:35 --> Beds::updateStatus called for ID: 2
DEBUG - 2025-07-26 06:32:35 --> Request Method: POST
DEBUG - 2025-07-26 06:32:35 --> Raw POST data: {"status":"Occupied","da705374ba5a9dd07c2ecb60f67ae810":"csrf_test_name"}
DEBUG - 2025-07-26 06:32:35 --> Server REQUEST_METHOD: POST
DEBUG - 2025-07-26 06:32:35 --> Bed status updated successfully for ID: 2 to Occupied
DEBUG - 2025-07-26 06:32:37 --> Session: Class initialized using 'CodeIgniter\Session\Handlers\FileHandler' driver.
DEBUG - 2025-07-26 06:32:52 --> Session: Class initialized using 'CodeIgniter\Session\Handlers\FileHandler' driver.
DEBUG - 2025-07-26 06:32:52 --> Beds::updateStatus called for ID: 3
DEBUG - 2025-07-26 06:32:52 --> Request Method: POST
DEBUG - 2025-07-26 06:32:52 --> Raw POST data: {"status":"Occupied","da705374ba5a9dd07c2ecb60f67ae810":"csrf_test_name"}
DEBUG - 2025-07-26 06:32:52 --> Server REQUEST_METHOD: POST
DEBUG - 2025-07-26 06:32:52 --> Bed status updated successfully for ID: 3 to Occupied
DEBUG - 2025-07-26 06:32:53 --> Session: Class initialized using 'CodeIgniter\Session\Handlers\FileHandler' driver.
DEBUG - 2025-07-26 06:32:58 --> Session: Class initialized using 'CodeIgniter\Session\Handlers\FileHandler' driver.
DEBUG - 2025-07-26 06:32:58 --> Beds::updateStatus called for ID: 4
DEBUG - 2025-07-26 06:32:58 --> Request Method: POST
DEBUG - 2025-07-26 06:32:58 --> Raw POST data: {"status":"Occupied","da705374ba5a9dd07c2ecb60f67ae810":"csrf_test_name"}
DEBUG - 2025-07-26 06:32:58 --> Server REQUEST_METHOD: POST
DEBUG - 2025-07-26 06:32:58 --> Bed status updated successfully for ID: 4 to Occupied
DEBUG - 2025-07-26 06:32:59 --> Session: Class initialized using 'CodeIgniter\Session\Handlers\FileHandler' driver.
DEBUG - 2025-07-26 06:33:04 --> Session: Class initialized using 'CodeIgniter\Session\Handlers\FileHandler' driver.
DEBUG - 2025-07-26 06:33:04 --> Beds::updateStatus called for ID: 5
DEBUG - 2025-07-26 06:33:04 --> Request Method: POST
DEBUG - 2025-07-26 06:33:04 --> Raw POST data: {"status":"Occupied","da705374ba5a9dd07c2ecb60f67ae810":"csrf_test_name"}
DEBUG - 2025-07-26 06:33:04 --> Server REQUEST_METHOD: POST
DEBUG - 2025-07-26 06:33:04 --> Bed status updated successfully for ID: 5 to Occupied
DEBUG - 2025-07-26 06:33:05 --> Session: Class initialized using 'CodeIgniter\Session\Handlers\FileHandler' driver.
DEBUG - 2025-07-26 06:33:11 --> Session: Class initialized using 'CodeIgniter\Session\Handlers\FileHandler' driver.
DEBUG - 2025-07-26 06:33:11 --> Beds::updateStatus called for ID: 6
DEBUG - 2025-07-26 06:33:11 --> Request Method: POST
DEBUG - 2025-07-26 06:33:11 --> Raw POST data: {"status":"Occupied","da705374ba5a9dd07c2ecb60f67ae810":"csrf_test_name"}
DEBUG - 2025-07-26 06:33:11 --> Server REQUEST_METHOD: POST
DEBUG - 2025-07-26 06:33:11 --> Bed status updated successfully for ID: 6 to Occupied
DEBUG - 2025-07-26 06:33:12 --> Session: Class initialized using 'CodeIgniter\Session\Handlers\FileHandler' driver.
DEBUG - 2025-07-26 06:33:16 --> Session: Class initialized using 'CodeIgniter\Session\Handlers\FileHandler' driver.
DEBUG - 2025-07-26 06:33:16 --> Beds::updateStatus called for ID: 7
DEBUG - 2025-07-26 06:33:16 --> Request Method: POST
DEBUG - 2025-07-26 06:33:16 --> Raw POST data: {"status":"Occupied","da705374ba5a9dd07c2ecb60f67ae810":"csrf_test_name"}
DEBUG - 2025-07-26 06:33:16 --> Server REQUEST_METHOD: POST
DEBUG - 2025-07-26 06:33:16 --> Bed status updated successfully for ID: 7 to Occupied
DEBUG - 2025-07-26 06:33:17 --> Session: Class initialized using 'CodeIgniter\Session\Handlers\FileHandler' driver.
DEBUG - 2025-07-26 06:33:22 --> Session: Class initialized using 'CodeIgniter\Session\Handlers\FileHandler' driver.
DEBUG - 2025-07-26 06:33:22 --> Beds::updateStatus called for ID: 8
DEBUG - 2025-07-26 06:33:22 --> Request Method: POST
DEBUG - 2025-07-26 06:33:22 --> Raw POST data: {"status":"Occupied","da705374ba5a9dd07c2ecb60f67ae810":"csrf_test_name"}
DEBUG - 2025-07-26 06:33:22 --> Server REQUEST_METHOD: POST
DEBUG - 2025-07-26 06:33:22 --> Bed status updated successfully for ID: 8 to Occupied
DEBUG - 2025-07-26 06:33:23 --> Session: Class initialized using 'CodeIgniter\Session\Handlers\FileHandler' driver.
DEBUG - 2025-07-26 06:33:26 --> Session: Class initialized using 'CodeIgniter\Session\Handlers\FileHandler' driver.
DEBUG - 2025-07-26 06:33:36 --> Session: Class initialized using 'CodeIgniter\Session\Handlers\FileHandler' driver.
DEBUG - 2025-07-26 06:33:45 --> Session: Class initialized using 'CodeIgniter\Session\Handlers\FileHandler' driver.
DEBUG - 2025-07-26 06:33:51 --> Session: Class initialized using 'CodeIgniter\Session\Handlers\FileHandler' driver.
DEBUG - 2025-07-26 06:33:51 --> Beds::updateStatus called for ID: 2
DEBUG - 2025-07-26 06:33:51 --> Request Method: POST
DEBUG - 2025-07-26 06:33:51 --> Raw POST data: {"status":"Available","da705374ba5a9dd07c2ecb60f67ae810":"csrf_test_name"}
DEBUG - 2025-07-26 06:33:51 --> Server REQUEST_METHOD: POST
DEBUG - 2025-07-26 06:33:51 --> Bed status updated successfully for ID: 2 to Available
DEBUG - 2025-07-26 06:33:52 --> Session: Class initialized using 'CodeIgniter\Session\Handlers\FileHandler' driver.
DEBUG - 2025-07-26 06:33:55 --> Session: Class initialized using 'CodeIgniter\Session\Handlers\FileHandler' driver.
DEBUG - 2025-07-26 06:33:56 --> Session: Class initialized using 'CodeIgniter\Session\Handlers\FileHandler' driver.
DEBUG - 2025-07-26 06:33:59 --> Session: Class initialized using 'CodeIgniter\Session\Handlers\FileHandler' driver.
DEBUG - 2025-07-26 06:33:59 --> Session: Class initialized using 'CodeIgniter\Session\Handlers\FileHandler' driver.
DEBUG - 2025-07-26 06:34:02 --> Session: Class initialized using 'CodeIgniter\Session\Handlers\FileHandler' driver.
DEBUG - 2025-07-26 06:34:07 --> Session: Class initialized using 'CodeIgniter\Session\Handlers\FileHandler' driver.
DEBUG - 2025-07-26 06:34:09 --> Session: Class initialized using 'CodeIgniter\Session\Handlers\FileHandler' driver.
DEBUG - 2025-07-26 06:34:12 --> Session: Class initialized using 'CodeIgniter\Session\Handlers\FileHandler' driver.
DEBUG - 2025-07-26 06:34:12 --> Session: Class initialized using 'CodeIgniter\Session\Handlers\FileHandler' driver.
DEBUG - 2025-07-26 06:34:14 --> Session: Class initialized using 'CodeIgniter\Session\Handlers\FileHandler' driver.
DEBUG - 2025-07-26 06:34:16 --> Session: Class initialized using 'CodeIgniter\Session\Handlers\FileHandler' driver.
DEBUG - 2025-07-26 06:34:18 --> Session: Class initialized using 'CodeIgniter\Session\Handlers\FileHandler' driver.
DEBUG - 2025-07-26 06:34:20 --> Session: Class initialized using 'CodeIgniter\Session\Handlers\FileHandler' driver.
DEBUG - 2025-07-26 06:34:20 --> Session: Class initialized using 'CodeIgniter\Session\Handlers\FileHandler' driver.
DEBUG - 2025-07-26 07:19:02 --> Session: Class initialized using 'CodeIgniter\Session\Handlers\FileHandler' driver.
DEBUG - 2025-07-26 09:35:22 --> Session: Class initialized using 'CodeIgniter\Session\Handlers\FileHandler' driver.
DEBUG - 2025-07-26 09:35:22 --> Session: Class initialized using 'CodeIgniter\Session\Handlers\FileHandler' driver.
DEBUG - 2025-07-26 09:35:33 --> Session: Class initialized using 'CodeIgniter\Session\Handlers\FileHandler' driver.
DEBUG - 2025-07-26 09:35:33 --> Session: Class initialized using 'CodeIgniter\Session\Handlers\FileHandler' driver.
DEBUG - 2025-07-26 09:35:35 --> Session: Class initialized using 'CodeIgniter\Session\Handlers\FileHandler' driver.
DEBUG - 2025-07-26 09:35:35 --> Session: Class initialized using 'CodeIgniter\Session\Handlers\FileHandler' driver.
DEBUG - 2025-07-26 09:35:45 --> Session: Class initialized using 'CodeIgniter\Session\Handlers\FileHandler' driver.
DEBUG - 2025-07-26 09:35:49 --> Session: Class initialized using 'CodeIgniter\Session\Handlers\FileHandler' driver.
DEBUG - 2025-07-26 09:35:49 --> Beds::updateStatus called for ID: 1
DEBUG - 2025-07-26 09:35:49 --> Request Method: POST
DEBUG - 2025-07-26 09:35:49 --> Raw POST data: {"status":"Available","f3d19f52b06e17fe25578228cd84f307":"csrf_test_name"}
DEBUG - 2025-07-26 09:35:49 --> Server REQUEST_METHOD: POST
DEBUG - 2025-07-26 09:35:49 --> Bed status updated successfully for ID: 1 to Available
DEBUG - 2025-07-26 09:35:51 --> Session: Class initialized using 'CodeIgniter\Session\Handlers\FileHandler' driver.
DEBUG - 2025-07-26 09:36:48 --> Session: Class initialized using 'CodeIgniter\Session\Handlers\FileHandler' driver.
DEBUG - 2025-07-26 09:36:58 --> Session: Class initialized using 'CodeIgniter\Session\Handlers\FileHandler' driver.
DEBUG - 2025-07-26 09:37:13 --> Session: Class initialized using 'CodeIgniter\Session\Handlers\FileHandler' driver.
DEBUG - 2025-07-26 09:37:15 --> Session: Class initialized using 'CodeIgniter\Session\Handlers\FileHandler' driver.
DEBUG - 2025-07-26 09:37:21 --> Session: Class initialized using 'CodeIgniter\Session\Handlers\FileHandler' driver.
DEBUG - 2025-07-26 09:37:22 --> Session: Class initialized using 'CodeIgniter\Session\Handlers\FileHandler' driver.
DEBUG - 2025-07-26 09:37:26 --> Session: Class initialized using 'CodeIgniter\Session\Handlers\FileHandler' driver.
DEBUG - 2025-07-26 09:37:30 --> Session: Class initialized using 'CodeIgniter\Session\Handlers\FileHandler' driver.
DEBUG - 2025-07-26 09:37:46 --> Session: Class initialized using 'CodeIgniter\Session\Handlers\FileHandler' driver.
DEBUG - 2025-07-26 09:38:59 --> Session: Class initialized using 'CodeIgniter\Session\Handlers\FileHandler' driver.
DEBUG - 2025-07-26 09:41:06 --> Session: Class initialized using 'CodeIgniter\Session\Handlers\FileHandler' driver.
DEBUG - 2025-07-26 09:41:55 --> Session: Class initialized using 'CodeIgniter\Session\Handlers\FileHandler' driver.
DEBUG - 2025-07-26 09:42:01 --> Session: Class initialized using 'CodeIgniter\Session\Handlers\FileHandler' driver.
DEBUG - 2025-07-26 09:53:21 --> Session: Class initialized using 'CodeIgniter\Session\Handlers\FileHandler' driver.
DEBUG - 2025-07-26 09:53:29 --> Session: Class initialized using 'CodeIgniter\Session\Handlers\FileHandler' driver.
INFO - 2025-07-26 09:53:29 --> Storing previous patient type General for patient 21 before IPD admission.
INFO - 2025-07-26 09:53:29 --> Generated new IPD ID IPD-250726-00044 for patient 21 during admission.
INFO - 2025-07-26 09:53:29 --> Patient 21 admitted to IPD. IPD Code: IPD-250726-00044
DEBUG - 2025-07-26 09:53:35 --> Session: Class initialized using 'CodeIgniter\Session\Handlers\FileHandler' driver.
DEBUG - 2025-07-26 09:53:51 --> Session: Class initialized using 'CodeIgniter\Session\Handlers\FileHandler' driver.
DEBUG - 2025-07-26 09:54:07 --> Session: Class initialized using 'CodeIgniter\Session\Handlers\FileHandler' driver.
DEBUG - 2025-07-26 11:00:12 --> Session: Class initialized using 'CodeIgniter\Session\Handlers\FileHandler' driver.
DEBUG - 2025-07-26 11:00:23 --> Session: Class initialized using 'CodeIgniter\Session\Handlers\FileHandler' driver.
DEBUG - 2025-07-26 11:00:37 --> Session: Class initialized using 'CodeIgniter\Session\Handlers\FileHandler' driver.
DEBUG - 2025-07-26 11:00:41 --> Session: Class initialized using 'CodeIgniter\Session\Handlers\FileHandler' driver.
DEBUG - 2025-07-26 11:16:03 --> Session: Class initialized using 'CodeIgniter\Session\Handlers\FileHandler' driver.
