DEBUG - 2025-10-07 17:18:45 --> Session: Class initialized using 'CodeIgniter\Session\Handlers\FileHandler' driver.
DEBUG - 2025-10-07 17:18:52 --> Session: Class initialized using 'CodeIgniter\Session\Handlers\FileHandler' driver.
DEBUG - 2025-10-07 17:18:52 --> Login attempt for username/email: PAT-251007-00042
DEBUG - 2025-10-07 17:18:52 --> User found, verifying password for: PAT-251007-00042
DEBUG - 2025-10-07 17:18:53 --> Password matched. Setting session for: PAT-251007-00042
DEBUG - 2025-10-07 17:18:53 --> Session: Class initialized using 'CodeIgniter\Session\Handlers\FileHandler' driver.
DEBUG - 2025-10-07 17:18:53 --> PatientAuthFilter: isLoggedIn=1, roleId=10
DEBUG - 2025-10-07 17:18:53 --> PatientDashboard - patient_id from session: NULL
ERROR - 2025-10-07 17:18:53 --> PatientDashboard - CRITICAL ERROR: patient_id is NULL despite successful login. Session content: {"__ci_last_regenerate":1759837638,"_ci_previous_url":"http:\/\/localhost\/hms_ram\/index.php\/","user_id":"31","username":"PAT-251007-00042","email":"","first_name":"kumar","last_name":"raj","role_id":"10","management_level":"Team Member","isLoggedIn":true,"allowed_modules":["patient_portal"]}
DEBUG - 2025-10-07 17:18:53 --> Session: Class initialized using 'CodeIgniter\Session\Handlers\FileHandler' driver.
DEBUG - 2025-10-07 17:18:53 --> PatientAuthFilter: isLoggedIn=1, roleId=10
DEBUG - 2025-10-07 17:18:53 --> Session: Class initialized using 'CodeIgniter\Session\Handlers\FileHandler' driver.
DEBUG - 2025-10-07 17:18:53 --> PatientAuthFilter: isLoggedIn=1, roleId=10
DEBUG - 2025-10-07 17:18:53 --> PatientDashboard - patient_id from session: NULL
ERROR - 2025-10-07 17:18:53 --> PatientDashboard - CRITICAL ERROR: patient_id is NULL despite successful login. Session content: {"__ci_last_regenerate":1759837638,"_ci_previous_url":"http:\/\/localhost\/hms_ram\/index.php\/","user_id":"31","username":"PAT-251007-00042","email":"","first_name":"kumar","last_name":"raj","role_id":"10","management_level":"Team Member","isLoggedIn":true,"allowed_modules":["patient_portal"]}
DEBUG - 2025-10-07 17:18:53 --> Session: Class initialized using 'CodeIgniter\Session\Handlers\FileHandler' driver.
DEBUG - 2025-10-07 17:18:53 --> PatientAuthFilter: isLoggedIn=1, roleId=10
DEBUG - 2025-10-07 17:18:53 --> Session: Class initialized using 'CodeIgniter\Session\Handlers\FileHandler' driver.
DEBUG - 2025-10-07 17:18:53 --> PatientAuthFilter: isLoggedIn=1, roleId=10
DEBUG - 2025-10-07 17:18:53 --> PatientDashboard - patient_id from session: NULL
ERROR - 2025-10-07 17:18:53 --> PatientDashboard - CRITICAL ERROR: patient_id is NULL despite successful login. Session content: {"__ci_last_regenerate":1759837638,"_ci_previous_url":"http:\/\/localhost\/hms_ram\/index.php\/","user_id":"31","username":"PAT-251007-00042","email":"","first_name":"kumar","last_name":"raj","role_id":"10","management_level":"Team Member","isLoggedIn":true,"allowed_modules":["patient_portal"]}
DEBUG - 2025-10-07 17:18:53 --> Session: Class initialized using 'CodeIgniter\Session\Handlers\FileHandler' driver.
DEBUG - 2025-10-07 17:18:53 --> PatientAuthFilter: isLoggedIn=1, roleId=10
DEBUG - 2025-10-07 17:18:53 --> Session: Class initialized using 'CodeIgniter\Session\Handlers\FileHandler' driver.
DEBUG - 2025-10-07 17:18:53 --> PatientAuthFilter: isLoggedIn=1, roleId=10
DEBUG - 2025-10-07 17:18:53 --> PatientDashboard - patient_id from session: NULL
ERROR - 2025-10-07 17:18:53 --> PatientDashboard - CRITICAL ERROR: patient_id is NULL despite successful login. Session content: {"__ci_last_regenerate":1759837638,"_ci_previous_url":"http:\/\/localhost\/hms_ram\/index.php\/","user_id":"31","username":"PAT-251007-00042","email":"","first_name":"kumar","last_name":"raj","role_id":"10","management_level":"Team Member","isLoggedIn":true,"allowed_modules":["patient_portal"]}
DEBUG - 2025-10-07 17:18:53 --> Session: Class initialized using 'CodeIgniter\Session\Handlers\FileHandler' driver.
DEBUG - 2025-10-07 17:18:53 --> PatientAuthFilter: isLoggedIn=1, roleId=10
DEBUG - 2025-10-07 17:18:53 --> Session: Class initialized using 'CodeIgniter\Session\Handlers\FileHandler' driver.
DEBUG - 2025-10-07 17:18:53 --> PatientAuthFilter: isLoggedIn=1, roleId=10
DEBUG - 2025-10-07 17:18:53 --> PatientDashboard - patient_id from session: NULL
ERROR - 2025-10-07 17:18:53 --> PatientDashboard - CRITICAL ERROR: patient_id is NULL despite successful login. Session content: {"__ci_last_regenerate":1759837638,"_ci_previous_url":"http:\/\/localhost\/hms_ram\/index.php\/","user_id":"31","username":"PAT-251007-00042","email":"","first_name":"kumar","last_name":"raj","role_id":"10","management_level":"Team Member","isLoggedIn":true,"allowed_modules":["patient_portal"]}
DEBUG - 2025-10-07 17:18:54 --> Session: Class initialized using 'CodeIgniter\Session\Handlers\FileHandler' driver.
DEBUG - 2025-10-07 17:18:54 --> PatientAuthFilter: isLoggedIn=1, roleId=10
DEBUG - 2025-10-07 17:18:54 --> Session: Class initialized using 'CodeIgniter\Session\Handlers\FileHandler' driver.
DEBUG - 2025-10-07 17:18:54 --> PatientAuthFilter: isLoggedIn=1, roleId=10
DEBUG - 2025-10-07 17:18:54 --> PatientDashboard - patient_id from session: NULL
ERROR - 2025-10-07 17:18:54 --> PatientDashboard - CRITICAL ERROR: patient_id is NULL despite successful login. Session content: {"__ci_last_regenerate":1759837638,"_ci_previous_url":"http:\/\/localhost\/hms_ram\/index.php\/","user_id":"31","username":"PAT-251007-00042","email":"","first_name":"kumar","last_name":"raj","role_id":"10","management_level":"Team Member","isLoggedIn":true,"allowed_modules":["patient_portal"]}
DEBUG - 2025-10-07 17:18:54 --> Session: Class initialized using 'CodeIgniter\Session\Handlers\FileHandler' driver.
DEBUG - 2025-10-07 17:18:54 --> PatientAuthFilter: isLoggedIn=1, roleId=10
DEBUG - 2025-10-07 17:18:54 --> Session: Class initialized using 'CodeIgniter\Session\Handlers\FileHandler' driver.
DEBUG - 2025-10-07 17:18:54 --> PatientAuthFilter: isLoggedIn=1, roleId=10
DEBUG - 2025-10-07 17:18:54 --> PatientDashboard - patient_id from session: NULL
ERROR - 2025-10-07 17:18:54 --> PatientDashboard - CRITICAL ERROR: patient_id is NULL despite successful login. Session content: {"__ci_last_regenerate":1759837638,"_ci_previous_url":"http:\/\/localhost\/hms_ram\/index.php\/","user_id":"31","username":"PAT-251007-00042","email":"","first_name":"kumar","last_name":"raj","role_id":"10","management_level":"Team Member","isLoggedIn":true,"allowed_modules":["patient_portal"]}
DEBUG - 2025-10-07 17:18:54 --> Session: Class initialized using 'CodeIgniter\Session\Handlers\FileHandler' driver.
DEBUG - 2025-10-07 17:18:54 --> PatientAuthFilter: isLoggedIn=1, roleId=10
DEBUG - 2025-10-07 17:18:54 --> Session: Class initialized using 'CodeIgniter\Session\Handlers\FileHandler' driver.
DEBUG - 2025-10-07 17:18:54 --> PatientAuthFilter: isLoggedIn=1, roleId=10
DEBUG - 2025-10-07 17:18:54 --> PatientDashboard - patient_id from session: NULL
ERROR - 2025-10-07 17:18:54 --> PatientDashboard - CRITICAL ERROR: patient_id is NULL despite successful login. Session content: {"__ci_last_regenerate":1759837638,"_ci_previous_url":"http:\/\/localhost\/hms_ram\/index.php\/","user_id":"31","username":"PAT-251007-00042","email":"","first_name":"kumar","last_name":"raj","role_id":"10","management_level":"Team Member","isLoggedIn":true,"allowed_modules":["patient_portal"]}
DEBUG - 2025-10-07 17:18:54 --> Session: Class initialized using 'CodeIgniter\Session\Handlers\FileHandler' driver.
DEBUG - 2025-10-07 17:18:54 --> PatientAuthFilter: isLoggedIn=1, roleId=10
DEBUG - 2025-10-07 17:18:54 --> Session: Class initialized using 'CodeIgniter\Session\Handlers\FileHandler' driver.
DEBUG - 2025-10-07 17:18:54 --> PatientAuthFilter: isLoggedIn=1, roleId=10
DEBUG - 2025-10-07 17:18:54 --> PatientDashboard - patient_id from session: NULL
ERROR - 2025-10-07 17:18:54 --> PatientDashboard - CRITICAL ERROR: patient_id is NULL despite successful login. Session content: {"__ci_last_regenerate":1759837638,"_ci_previous_url":"http:\/\/localhost\/hms_ram\/index.php\/","user_id":"31","username":"PAT-251007-00042","email":"","first_name":"kumar","last_name":"raj","role_id":"10","management_level":"Team Member","isLoggedIn":true,"allowed_modules":["patient_portal"]}
DEBUG - 2025-10-07 17:18:54 --> Session: Class initialized using 'CodeIgniter\Session\Handlers\FileHandler' driver.
DEBUG - 2025-10-07 17:18:54 --> PatientAuthFilter: isLoggedIn=1, roleId=10
DEBUG - 2025-10-07 17:18:54 --> Session: Class initialized using 'CodeIgniter\Session\Handlers\FileHandler' driver.
DEBUG - 2025-10-07 17:18:54 --> PatientAuthFilter: isLoggedIn=1, roleId=10
DEBUG - 2025-10-07 17:18:54 --> PatientDashboard - patient_id from session: NULL
ERROR - 2025-10-07 17:18:54 --> PatientDashboard - CRITICAL ERROR: patient_id is NULL despite successful login. Session content: {"__ci_last_regenerate":1759837638,"_ci_previous_url":"http:\/\/localhost\/hms_ram\/index.php\/","user_id":"31","username":"PAT-251007-00042","email":"","first_name":"kumar","last_name":"raj","role_id":"10","management_level":"Team Member","isLoggedIn":true,"allowed_modules":["patient_portal"]}
DEBUG - 2025-10-07 17:18:56 --> Session: Class initialized using 'CodeIgniter\Session\Handlers\FileHandler' driver.
DEBUG - 2025-10-07 17:18:56 --> PatientAuthFilter: isLoggedIn=1, roleId=10
DEBUG - 2025-10-07 17:18:56 --> PatientDashboard - patient_id from session: NULL
ERROR - 2025-10-07 17:18:56 --> PatientDashboard - CRITICAL ERROR: patient_id is NULL despite successful login. Session content: {"__ci_last_regenerate":1759837638,"_ci_previous_url":"http:\/\/localhost\/hms_ram\/index.php\/","user_id":"31","username":"PAT-251007-00042","email":"","first_name":"kumar","last_name":"raj","role_id":"10","management_level":"Team Member","isLoggedIn":true,"allowed_modules":["patient_portal"]}
DEBUG - 2025-10-07 17:18:56 --> Session: Class initialized using 'CodeIgniter\Session\Handlers\FileHandler' driver.
DEBUG - 2025-10-07 17:18:56 --> PatientAuthFilter: isLoggedIn=1, roleId=10
DEBUG - 2025-10-07 17:18:56 --> Session: Class initialized using 'CodeIgniter\Session\Handlers\FileHandler' driver.
DEBUG - 2025-10-07 17:18:56 --> PatientAuthFilter: isLoggedIn=1, roleId=10
DEBUG - 2025-10-07 17:18:56 --> PatientDashboard - patient_id from session: NULL
ERROR - 2025-10-07 17:18:56 --> PatientDashboard - CRITICAL ERROR: patient_id is NULL despite successful login. Session content: {"__ci_last_regenerate":1759837638,"_ci_previous_url":"http:\/\/localhost\/hms_ram\/index.php\/","user_id":"31","username":"PAT-251007-00042","email":"","first_name":"kumar","last_name":"raj","role_id":"10","management_level":"Team Member","isLoggedIn":true,"allowed_modules":["patient_portal"]}
DEBUG - 2025-10-07 17:18:56 --> Session: Class initialized using 'CodeIgniter\Session\Handlers\FileHandler' driver.
DEBUG - 2025-10-07 17:18:56 --> PatientAuthFilter: isLoggedIn=1, roleId=10
DEBUG - 2025-10-07 17:18:56 --> Session: Class initialized using 'CodeIgniter\Session\Handlers\FileHandler' driver.
DEBUG - 2025-10-07 17:18:56 --> PatientAuthFilter: isLoggedIn=1, roleId=10
DEBUG - 2025-10-07 17:18:56 --> PatientDashboard - patient_id from session: NULL
ERROR - 2025-10-07 17:18:56 --> PatientDashboard - CRITICAL ERROR: patient_id is NULL despite successful login. Session content: {"__ci_last_regenerate":1759837638,"_ci_previous_url":"http:\/\/localhost\/hms_ram\/index.php\/","user_id":"31","username":"PAT-251007-00042","email":"","first_name":"kumar","last_name":"raj","role_id":"10","management_level":"Team Member","isLoggedIn":true,"allowed_modules":["patient_portal"]}
DEBUG - 2025-10-07 17:18:56 --> Session: Class initialized using 'CodeIgniter\Session\Handlers\FileHandler' driver.
DEBUG - 2025-10-07 17:18:56 --> PatientAuthFilter: isLoggedIn=1, roleId=10
DEBUG - 2025-10-07 17:18:56 --> Session: Class initialized using 'CodeIgniter\Session\Handlers\FileHandler' driver.
DEBUG - 2025-10-07 17:18:56 --> PatientAuthFilter: isLoggedIn=1, roleId=10
DEBUG - 2025-10-07 17:18:56 --> PatientDashboard - patient_id from session: NULL
ERROR - 2025-10-07 17:18:56 --> PatientDashboard - CRITICAL ERROR: patient_id is NULL despite successful login. Session content: {"__ci_last_regenerate":1759837638,"_ci_previous_url":"http:\/\/localhost\/hms_ram\/index.php\/","user_id":"31","username":"PAT-251007-00042","email":"","first_name":"kumar","last_name":"raj","role_id":"10","management_level":"Team Member","isLoggedIn":true,"allowed_modules":["patient_portal"]}
DEBUG - 2025-10-07 17:18:56 --> Session: Class initialized using 'CodeIgniter\Session\Handlers\FileHandler' driver.
DEBUG - 2025-10-07 17:18:56 --> PatientAuthFilter: isLoggedIn=1, roleId=10
DEBUG - 2025-10-07 17:18:57 --> Session: Class initialized using 'CodeIgniter\Session\Handlers\FileHandler' driver.
DEBUG - 2025-10-07 17:18:57 --> PatientAuthFilter: isLoggedIn=1, roleId=10
DEBUG - 2025-10-07 17:18:57 --> PatientDashboard - patient_id from session: NULL
ERROR - 2025-10-07 17:18:57 --> PatientDashboard - CRITICAL ERROR: patient_id is NULL despite successful login. Session content: {"__ci_last_regenerate":1759837638,"_ci_previous_url":"http:\/\/localhost\/hms_ram\/index.php\/","user_id":"31","username":"PAT-251007-00042","email":"","first_name":"kumar","last_name":"raj","role_id":"10","management_level":"Team Member","isLoggedIn":true,"allowed_modules":["patient_portal"]}
DEBUG - 2025-10-07 17:18:57 --> Session: Class initialized using 'CodeIgniter\Session\Handlers\FileHandler' driver.
DEBUG - 2025-10-07 17:18:57 --> PatientAuthFilter: isLoggedIn=1, roleId=10
DEBUG - 2025-10-07 17:18:57 --> Session: Class initialized using 'CodeIgniter\Session\Handlers\FileHandler' driver.
DEBUG - 2025-10-07 17:18:57 --> PatientAuthFilter: isLoggedIn=1, roleId=10
DEBUG - 2025-10-07 17:18:57 --> PatientDashboard - patient_id from session: NULL
ERROR - 2025-10-07 17:18:57 --> PatientDashboard - CRITICAL ERROR: patient_id is NULL despite successful login. Session content: {"__ci_last_regenerate":1759837638,"_ci_previous_url":"http:\/\/localhost\/hms_ram\/index.php\/","user_id":"31","username":"PAT-251007-00042","email":"","first_name":"kumar","last_name":"raj","role_id":"10","management_level":"Team Member","isLoggedIn":true,"allowed_modules":["patient_portal"]}
DEBUG - 2025-10-07 17:18:57 --> Session: Class initialized using 'CodeIgniter\Session\Handlers\FileHandler' driver.
DEBUG - 2025-10-07 17:18:57 --> PatientAuthFilter: isLoggedIn=1, roleId=10
DEBUG - 2025-10-07 17:18:57 --> Session: Class initialized using 'CodeIgniter\Session\Handlers\FileHandler' driver.
DEBUG - 2025-10-07 17:18:57 --> PatientAuthFilter: isLoggedIn=1, roleId=10
DEBUG - 2025-10-07 17:18:57 --> PatientDashboard - patient_id from session: NULL
ERROR - 2025-10-07 17:18:57 --> PatientDashboard - CRITICAL ERROR: patient_id is NULL despite successful login. Session content: {"__ci_last_regenerate":1759837638,"_ci_previous_url":"http:\/\/localhost\/hms_ram\/index.php\/","user_id":"31","username":"PAT-251007-00042","email":"","first_name":"kumar","last_name":"raj","role_id":"10","management_level":"Team Member","isLoggedIn":true,"allowed_modules":["patient_portal"]}
DEBUG - 2025-10-07 17:18:57 --> Session: Class initialized using 'CodeIgniter\Session\Handlers\FileHandler' driver.
DEBUG - 2025-10-07 17:18:57 --> PatientAuthFilter: isLoggedIn=1, roleId=10
DEBUG - 2025-10-07 17:18:57 --> Session: Class initialized using 'CodeIgniter\Session\Handlers\FileHandler' driver.
DEBUG - 2025-10-07 17:18:57 --> PatientAuthFilter: isLoggedIn=1, roleId=10
DEBUG - 2025-10-07 17:18:57 --> PatientDashboard - patient_id from session: NULL
ERROR - 2025-10-07 17:18:57 --> PatientDashboard - CRITICAL ERROR: patient_id is NULL despite successful login. Session content: {"__ci_last_regenerate":1759837638,"_ci_previous_url":"http:\/\/localhost\/hms_ram\/index.php\/","user_id":"31","username":"PAT-251007-00042","email":"","first_name":"kumar","last_name":"raj","role_id":"10","management_level":"Team Member","isLoggedIn":true,"allowed_modules":["patient_portal"]}
DEBUG - 2025-10-07 17:18:57 --> Session: Class initialized using 'CodeIgniter\Session\Handlers\FileHandler' driver.
DEBUG - 2025-10-07 17:18:57 --> PatientAuthFilter: isLoggedIn=1, roleId=10
DEBUG - 2025-10-07 17:18:57 --> Session: Class initialized using 'CodeIgniter\Session\Handlers\FileHandler' driver.
DEBUG - 2025-10-07 17:18:57 --> PatientAuthFilter: isLoggedIn=1, roleId=10
DEBUG - 2025-10-07 17:18:57 --> PatientDashboard - patient_id from session: NULL
ERROR - 2025-10-07 17:18:57 --> PatientDashboard - CRITICAL ERROR: patient_id is NULL despite successful login. Session content: {"__ci_last_regenerate":1759837638,"_ci_previous_url":"http:\/\/localhost\/hms_ram\/index.php\/","user_id":"31","username":"PAT-251007-00042","email":"","first_name":"kumar","last_name":"raj","role_id":"10","management_level":"Team Member","isLoggedIn":true,"allowed_modules":["patient_portal"]}
DEBUG - 2025-10-07 17:18:57 --> Session: Class initialized using 'CodeIgniter\Session\Handlers\FileHandler' driver.
DEBUG - 2025-10-07 17:18:57 --> PatientAuthFilter: isLoggedIn=1, roleId=10
DEBUG - 2025-10-07 17:18:58 --> Session: Class initialized using 'CodeIgniter\Session\Handlers\FileHandler' driver.
DEBUG - 2025-10-07 17:18:58 --> PatientAuthFilter: isLoggedIn=1, roleId=10
DEBUG - 2025-10-07 17:18:58 --> PatientDashboard - patient_id from session: NULL
ERROR - 2025-10-07 17:18:58 --> PatientDashboard - CRITICAL ERROR: patient_id is NULL despite successful login. Session content: {"__ci_last_regenerate":1759837638,"_ci_previous_url":"http:\/\/localhost\/hms_ram\/index.php\/","user_id":"31","username":"PAT-251007-00042","email":"","first_name":"kumar","last_name":"raj","role_id":"10","management_level":"Team Member","isLoggedIn":true,"allowed_modules":["patient_portal"]}
DEBUG - 2025-10-07 17:18:58 --> Session: Class initialized using 'CodeIgniter\Session\Handlers\FileHandler' driver.
DEBUG - 2025-10-07 17:18:58 --> PatientAuthFilter: isLoggedIn=1, roleId=10
DEBUG - 2025-10-07 17:19:03 --> Session: Class initialized using 'CodeIgniter\Session\Handlers\FileHandler' driver.
DEBUG - 2025-10-07 17:19:03 --> PatientAuthFilter: isLoggedIn=1, roleId=10
DEBUG - 2025-10-07 17:19:03 --> Session: Class initialized using 'CodeIgniter\Session\Handlers\FileHandler' driver.
DEBUG - 2025-10-07 17:19:03 --> PatientAuthFilter: isLoggedIn=1, roleId=10
DEBUG - 2025-10-07 17:19:03 --> PatientDashboard - patient_id from session: NULL
ERROR - 2025-10-07 17:19:03 --> PatientDashboard - CRITICAL ERROR: patient_id is NULL despite successful login. Session content: {"__ci_last_regenerate":1759837638,"_ci_previous_url":"http:\/\/localhost\/hms_ram\/index.php\/","user_id":"31","username":"PAT-251007-00042","email":"","first_name":"kumar","last_name":"raj","role_id":"10","management_level":"Team Member","isLoggedIn":true,"allowed_modules":["patient_portal"]}
DEBUG - 2025-10-07 17:19:03 --> Session: Class initialized using 'CodeIgniter\Session\Handlers\FileHandler' driver.
DEBUG - 2025-10-07 17:19:03 --> PatientAuthFilter: isLoggedIn=1, roleId=10
DEBUG - 2025-10-07 17:19:03 --> Session: Class initialized using 'CodeIgniter\Session\Handlers\FileHandler' driver.
DEBUG - 2025-10-07 17:19:03 --> PatientAuthFilter: isLoggedIn=1, roleId=10
DEBUG - 2025-10-07 17:19:03 --> PatientDashboard - patient_id from session: NULL
ERROR - 2025-10-07 17:19:03 --> PatientDashboard - CRITICAL ERROR: patient_id is NULL despite successful login. Session content: {"__ci_last_regenerate":1759837638,"_ci_previous_url":"http:\/\/localhost\/hms_ram\/index.php\/","user_id":"31","username":"PAT-251007-00042","email":"","first_name":"kumar","last_name":"raj","role_id":"10","management_level":"Team Member","isLoggedIn":true,"allowed_modules":["patient_portal"]}
DEBUG - 2025-10-07 17:19:03 --> Session: Class initialized using 'CodeIgniter\Session\Handlers\FileHandler' driver.
DEBUG - 2025-10-07 17:19:03 --> PatientAuthFilter: isLoggedIn=1, roleId=10
DEBUG - 2025-10-07 17:19:03 --> Session: Class initialized using 'CodeIgniter\Session\Handlers\FileHandler' driver.
DEBUG - 2025-10-07 17:19:03 --> PatientAuthFilter: isLoggedIn=1, roleId=10
DEBUG - 2025-10-07 17:19:03 --> PatientDashboard - patient_id from session: NULL
ERROR - 2025-10-07 17:19:03 --> PatientDashboard - CRITICAL ERROR: patient_id is NULL despite successful login. Session content: {"__ci_last_regenerate":1759837638,"_ci_previous_url":"http:\/\/localhost\/hms_ram\/index.php\/","user_id":"31","username":"PAT-251007-00042","email":"","first_name":"kumar","last_name":"raj","role_id":"10","management_level":"Team Member","isLoggedIn":true,"allowed_modules":["patient_portal"]}
DEBUG - 2025-10-07 17:19:04 --> Session: Class initialized using 'CodeIgniter\Session\Handlers\FileHandler' driver.
DEBUG - 2025-10-07 17:19:04 --> PatientAuthFilter: isLoggedIn=1, roleId=10
DEBUG - 2025-10-07 17:19:04 --> Session: Class initialized using 'CodeIgniter\Session\Handlers\FileHandler' driver.
DEBUG - 2025-10-07 17:19:04 --> PatientAuthFilter: isLoggedIn=1, roleId=10
DEBUG - 2025-10-07 17:19:04 --> PatientDashboard - patient_id from session: NULL
ERROR - 2025-10-07 17:19:04 --> PatientDashboard - CRITICAL ERROR: patient_id is NULL despite successful login. Session content: {"__ci_last_regenerate":1759837638,"_ci_previous_url":"http:\/\/localhost\/hms_ram\/index.php\/","user_id":"31","username":"PAT-251007-00042","email":"","first_name":"kumar","last_name":"raj","role_id":"10","management_level":"Team Member","isLoggedIn":true,"allowed_modules":["patient_portal"]}
DEBUG - 2025-10-07 17:19:04 --> Session: Class initialized using 'CodeIgniter\Session\Handlers\FileHandler' driver.
DEBUG - 2025-10-07 17:19:04 --> PatientAuthFilter: isLoggedIn=1, roleId=10
DEBUG - 2025-10-07 17:19:04 --> Session: Class initialized using 'CodeIgniter\Session\Handlers\FileHandler' driver.
DEBUG - 2025-10-07 17:19:04 --> PatientAuthFilter: isLoggedIn=1, roleId=10
DEBUG - 2025-10-07 17:19:04 --> PatientDashboard - patient_id from session: NULL
ERROR - 2025-10-07 17:19:04 --> PatientDashboard - CRITICAL ERROR: patient_id is NULL despite successful login. Session content: {"__ci_last_regenerate":1759837638,"_ci_previous_url":"http:\/\/localhost\/hms_ram\/index.php\/","user_id":"31","username":"PAT-251007-00042","email":"","first_name":"kumar","last_name":"raj","role_id":"10","management_level":"Team Member","isLoggedIn":true,"allowed_modules":["patient_portal"]}
DEBUG - 2025-10-07 17:19:04 --> Session: Class initialized using 'CodeIgniter\Session\Handlers\FileHandler' driver.
DEBUG - 2025-10-07 17:19:04 --> PatientAuthFilter: isLoggedIn=1, roleId=10
DEBUG - 2025-10-07 17:19:04 --> Session: Class initialized using 'CodeIgniter\Session\Handlers\FileHandler' driver.
DEBUG - 2025-10-07 17:19:04 --> PatientAuthFilter: isLoggedIn=1, roleId=10
DEBUG - 2025-10-07 17:19:04 --> PatientDashboard - patient_id from session: NULL
ERROR - 2025-10-07 17:19:04 --> PatientDashboard - CRITICAL ERROR: patient_id is NULL despite successful login. Session content: {"__ci_last_regenerate":1759837638,"_ci_previous_url":"http:\/\/localhost\/hms_ram\/index.php\/","user_id":"31","username":"PAT-251007-00042","email":"","first_name":"kumar","last_name":"raj","role_id":"10","management_level":"Team Member","isLoggedIn":true,"allowed_modules":["patient_portal"]}
DEBUG - 2025-10-07 17:19:04 --> Session: Class initialized using 'CodeIgniter\Session\Handlers\FileHandler' driver.
DEBUG - 2025-10-07 17:19:04 --> PatientAuthFilter: isLoggedIn=1, roleId=10
DEBUG - 2025-10-07 17:19:04 --> Session: Class initialized using 'CodeIgniter\Session\Handlers\FileHandler' driver.
DEBUG - 2025-10-07 17:19:04 --> PatientAuthFilter: isLoggedIn=1, roleId=10
DEBUG - 2025-10-07 17:19:04 --> PatientDashboard - patient_id from session: NULL
ERROR - 2025-10-07 17:19:04 --> PatientDashboard - CRITICAL ERROR: patient_id is NULL despite successful login. Session content: {"__ci_last_regenerate":1759837638,"_ci_previous_url":"http:\/\/localhost\/hms_ram\/index.php\/","user_id":"31","username":"PAT-251007-00042","email":"","first_name":"kumar","last_name":"raj","role_id":"10","management_level":"Team Member","isLoggedIn":true,"allowed_modules":["patient_portal"]}
DEBUG - 2025-10-07 17:19:04 --> Session: Class initialized using 'CodeIgniter\Session\Handlers\FileHandler' driver.
DEBUG - 2025-10-07 17:19:04 --> PatientAuthFilter: isLoggedIn=1, roleId=10
DEBUG - 2025-10-07 17:19:04 --> Session: Class initialized using 'CodeIgniter\Session\Handlers\FileHandler' driver.
DEBUG - 2025-10-07 17:19:04 --> PatientAuthFilter: isLoggedIn=1, roleId=10
DEBUG - 2025-10-07 17:19:04 --> PatientDashboard - patient_id from session: NULL
ERROR - 2025-10-07 17:19:04 --> PatientDashboard - CRITICAL ERROR: patient_id is NULL despite successful login. Session content: {"__ci_last_regenerate":1759837638,"_ci_previous_url":"http:\/\/localhost\/hms_ram\/index.php\/","user_id":"31","username":"PAT-251007-00042","email":"","first_name":"kumar","last_name":"raj","role_id":"10","management_level":"Team Member","isLoggedIn":true,"allowed_modules":["patient_portal"]}
DEBUG - 2025-10-07 17:19:05 --> Session: Class initialized using 'CodeIgniter\Session\Handlers\FileHandler' driver.
DEBUG - 2025-10-07 17:19:05 --> PatientAuthFilter: isLoggedIn=1, roleId=10
DEBUG - 2025-10-07 17:19:05 --> Session: Class initialized using 'CodeIgniter\Session\Handlers\FileHandler' driver.
DEBUG - 2025-10-07 17:19:05 --> PatientAuthFilter: isLoggedIn=1, roleId=10
DEBUG - 2025-10-07 17:19:05 --> PatientDashboard - patient_id from session: NULL
ERROR - 2025-10-07 17:19:05 --> PatientDashboard - CRITICAL ERROR: patient_id is NULL despite successful login. Session content: {"__ci_last_regenerate":1759837638,"_ci_previous_url":"http:\/\/localhost\/hms_ram\/index.php\/","user_id":"31","username":"PAT-251007-00042","email":"","first_name":"kumar","last_name":"raj","role_id":"10","management_level":"Team Member","isLoggedIn":true,"allowed_modules":["patient_portal"]}
DEBUG - 2025-10-07 17:19:05 --> Session: Class initialized using 'CodeIgniter\Session\Handlers\FileHandler' driver.
DEBUG - 2025-10-07 17:19:05 --> PatientAuthFilter: isLoggedIn=1, roleId=10
DEBUG - 2025-10-07 17:19:05 --> Session: Class initialized using 'CodeIgniter\Session\Handlers\FileHandler' driver.
DEBUG - 2025-10-07 17:19:05 --> PatientAuthFilter: isLoggedIn=1, roleId=10
DEBUG - 2025-10-07 17:19:05 --> PatientDashboard - patient_id from session: NULL
ERROR - 2025-10-07 17:19:05 --> PatientDashboard - CRITICAL ERROR: patient_id is NULL despite successful login. Session content: {"__ci_last_regenerate":1759837638,"_ci_previous_url":"http:\/\/localhost\/hms_ram\/index.php\/","user_id":"31","username":"PAT-251007-00042","email":"","first_name":"kumar","last_name":"raj","role_id":"10","management_level":"Team Member","isLoggedIn":true,"allowed_modules":["patient_portal"]}
DEBUG - 2025-10-07 17:19:35 --> Session: Class initialized using 'CodeIgniter\Session\Handlers\FileHandler' driver.
DEBUG - 2025-10-07 17:19:35 --> PatientAuthFilter: isLoggedIn=1, roleId=10
DEBUG - 2025-10-07 17:19:35 --> PatientDashboard - patient_id from session: NULL
ERROR - 2025-10-07 17:19:35 --> PatientDashboard - CRITICAL ERROR: patient_id is NULL despite successful login. Session content: {"__ci_last_regenerate":1759837638,"_ci_previous_url":"http:\/\/localhost\/hms_ram\/index.php\/","user_id":"31","username":"PAT-251007-00042","email":"","first_name":"kumar","last_name":"raj","role_id":"10","management_level":"Team Member","isLoggedIn":true,"allowed_modules":["patient_portal"]}
DEBUG - 2025-10-07 17:19:35 --> Session: Class initialized using 'CodeIgniter\Session\Handlers\FileHandler' driver.
DEBUG - 2025-10-07 17:19:35 --> PatientAuthFilter: isLoggedIn=1, roleId=10
DEBUG - 2025-10-07 17:19:35 --> Session: Class initialized using 'CodeIgniter\Session\Handlers\FileHandler' driver.
DEBUG - 2025-10-07 17:19:35 --> PatientAuthFilter: isLoggedIn=1, roleId=10
DEBUG - 2025-10-07 17:19:35 --> PatientDashboard - patient_id from session: NULL
ERROR - 2025-10-07 17:19:35 --> PatientDashboard - CRITICAL ERROR: patient_id is NULL despite successful login. Session content: {"__ci_last_regenerate":1759837638,"_ci_previous_url":"http:\/\/localhost\/hms_ram\/index.php\/","user_id":"31","username":"PAT-251007-00042","email":"","first_name":"kumar","last_name":"raj","role_id":"10","management_level":"Team Member","isLoggedIn":true,"allowed_modules":["patient_portal"]}
DEBUG - 2025-10-07 17:19:35 --> Session: Class initialized using 'CodeIgniter\Session\Handlers\FileHandler' driver.
DEBUG - 2025-10-07 17:19:35 --> PatientAuthFilter: isLoggedIn=1, roleId=10
DEBUG - 2025-10-07 17:19:36 --> Session: Class initialized using 'CodeIgniter\Session\Handlers\FileHandler' driver.
DEBUG - 2025-10-07 17:19:36 --> PatientAuthFilter: isLoggedIn=1, roleId=10
DEBUG - 2025-10-07 17:19:36 --> PatientDashboard - patient_id from session: NULL
ERROR - 2025-10-07 17:19:36 --> PatientDashboard - CRITICAL ERROR: patient_id is NULL despite successful login. Session content: {"__ci_last_regenerate":1759837638,"_ci_previous_url":"http:\/\/localhost\/hms_ram\/index.php\/","user_id":"31","username":"PAT-251007-00042","email":"","first_name":"kumar","last_name":"raj","role_id":"10","management_level":"Team Member","isLoggedIn":true,"allowed_modules":["patient_portal"]}
DEBUG - 2025-10-07 17:19:36 --> Session: Class initialized using 'CodeIgniter\Session\Handlers\FileHandler' driver.
DEBUG - 2025-10-07 17:19:36 --> PatientAuthFilter: isLoggedIn=1, roleId=10
DEBUG - 2025-10-07 17:19:36 --> Session: Class initialized using 'CodeIgniter\Session\Handlers\FileHandler' driver.
DEBUG - 2025-10-07 17:19:36 --> PatientAuthFilter: isLoggedIn=1, roleId=10
DEBUG - 2025-10-07 17:19:36 --> PatientDashboard - patient_id from session: NULL
ERROR - 2025-10-07 17:19:36 --> PatientDashboard - CRITICAL ERROR: patient_id is NULL despite successful login. Session content: {"__ci_last_regenerate":1759837638,"_ci_previous_url":"http:\/\/localhost\/hms_ram\/index.php\/","user_id":"31","username":"PAT-251007-00042","email":"","first_name":"kumar","last_name":"raj","role_id":"10","management_level":"Team Member","isLoggedIn":true,"allowed_modules":["patient_portal"]}
DEBUG - 2025-10-07 17:19:36 --> Session: Class initialized using 'CodeIgniter\Session\Handlers\FileHandler' driver.
DEBUG - 2025-10-07 17:19:36 --> PatientAuthFilter: isLoggedIn=1, roleId=10
DEBUG - 2025-10-07 17:19:36 --> Session: Class initialized using 'CodeIgniter\Session\Handlers\FileHandler' driver.
DEBUG - 2025-10-07 17:19:36 --> PatientAuthFilter: isLoggedIn=1, roleId=10
DEBUG - 2025-10-07 17:19:36 --> PatientDashboard - patient_id from session: NULL
ERROR - 2025-10-07 17:19:36 --> PatientDashboard - CRITICAL ERROR: patient_id is NULL despite successful login. Session content: {"__ci_last_regenerate":1759837638,"_ci_previous_url":"http:\/\/localhost\/hms_ram\/index.php\/","user_id":"31","username":"PAT-251007-00042","email":"","first_name":"kumar","last_name":"raj","role_id":"10","management_level":"Team Member","isLoggedIn":true,"allowed_modules":["patient_portal"]}
DEBUG - 2025-10-07 17:19:36 --> Session: Class initialized using 'CodeIgniter\Session\Handlers\FileHandler' driver.
DEBUG - 2025-10-07 17:19:36 --> PatientAuthFilter: isLoggedIn=1, roleId=10
DEBUG - 2025-10-07 17:19:36 --> Session: Class initialized using 'CodeIgniter\Session\Handlers\FileHandler' driver.
DEBUG - 2025-10-07 17:19:36 --> PatientAuthFilter: isLoggedIn=1, roleId=10
DEBUG - 2025-10-07 17:19:36 --> PatientDashboard - patient_id from session: NULL
ERROR - 2025-10-07 17:19:36 --> PatientDashboard - CRITICAL ERROR: patient_id is NULL despite successful login. Session content: {"__ci_last_regenerate":1759837638,"_ci_previous_url":"http:\/\/localhost\/hms_ram\/index.php\/","user_id":"31","username":"PAT-251007-00042","email":"","first_name":"kumar","last_name":"raj","role_id":"10","management_level":"Team Member","isLoggedIn":true,"allowed_modules":["patient_portal"]}
DEBUG - 2025-10-07 17:19:36 --> Session: Class initialized using 'CodeIgniter\Session\Handlers\FileHandler' driver.
DEBUG - 2025-10-07 17:19:36 --> PatientAuthFilter: isLoggedIn=1, roleId=10
DEBUG - 2025-10-07 17:19:37 --> Session: Class initialized using 'CodeIgniter\Session\Handlers\FileHandler' driver.
DEBUG - 2025-10-07 17:19:37 --> PatientAuthFilter: isLoggedIn=1, roleId=10
DEBUG - 2025-10-07 17:19:37 --> PatientDashboard - patient_id from session: NULL
ERROR - 2025-10-07 17:19:37 --> PatientDashboard - CRITICAL ERROR: patient_id is NULL despite successful login. Session content: {"__ci_last_regenerate":1759837638,"_ci_previous_url":"http:\/\/localhost\/hms_ram\/index.php\/","user_id":"31","username":"PAT-251007-00042","email":"","first_name":"kumar","last_name":"raj","role_id":"10","management_level":"Team Member","isLoggedIn":true,"allowed_modules":["patient_portal"]}
DEBUG - 2025-10-07 17:19:37 --> Session: Class initialized using 'CodeIgniter\Session\Handlers\FileHandler' driver.
DEBUG - 2025-10-07 17:19:37 --> PatientAuthFilter: isLoggedIn=1, roleId=10
DEBUG - 2025-10-07 17:19:37 --> Session: Class initialized using 'CodeIgniter\Session\Handlers\FileHandler' driver.
DEBUG - 2025-10-07 17:19:37 --> PatientAuthFilter: isLoggedIn=1, roleId=10
DEBUG - 2025-10-07 17:19:37 --> PatientDashboard - patient_id from session: NULL
ERROR - 2025-10-07 17:19:37 --> PatientDashboard - CRITICAL ERROR: patient_id is NULL despite successful login. Session content: {"__ci_last_regenerate":1759837638,"_ci_previous_url":"http:\/\/localhost\/hms_ram\/index.php\/","user_id":"31","username":"PAT-251007-00042","email":"","first_name":"kumar","last_name":"raj","role_id":"10","management_level":"Team Member","isLoggedIn":true,"allowed_modules":["patient_portal"]}
DEBUG - 2025-10-07 17:19:37 --> Session: Class initialized using 'CodeIgniter\Session\Handlers\FileHandler' driver.
DEBUG - 2025-10-07 17:19:37 --> PatientAuthFilter: isLoggedIn=1, roleId=10
DEBUG - 2025-10-07 17:19:37 --> Session: Class initialized using 'CodeIgniter\Session\Handlers\FileHandler' driver.
DEBUG - 2025-10-07 17:19:37 --> PatientAuthFilter: isLoggedIn=1, roleId=10
DEBUG - 2025-10-07 17:19:37 --> PatientDashboard - patient_id from session: NULL
ERROR - 2025-10-07 17:19:37 --> PatientDashboard - CRITICAL ERROR: patient_id is NULL despite successful login. Session content: {"__ci_last_regenerate":1759837638,"_ci_previous_url":"http:\/\/localhost\/hms_ram\/index.php\/","user_id":"31","username":"PAT-251007-00042","email":"","first_name":"kumar","last_name":"raj","role_id":"10","management_level":"Team Member","isLoggedIn":true,"allowed_modules":["patient_portal"]}
DEBUG - 2025-10-07 17:19:37 --> Session: Class initialized using 'CodeIgniter\Session\Handlers\FileHandler' driver.
DEBUG - 2025-10-07 17:19:37 --> PatientAuthFilter: isLoggedIn=1, roleId=10
DEBUG - 2025-10-07 17:19:37 --> Session: Class initialized using 'CodeIgniter\Session\Handlers\FileHandler' driver.
DEBUG - 2025-10-07 17:19:37 --> PatientAuthFilter: isLoggedIn=1, roleId=10
DEBUG - 2025-10-07 17:19:37 --> PatientDashboard - patient_id from session: NULL
ERROR - 2025-10-07 17:19:37 --> PatientDashboard - CRITICAL ERROR: patient_id is NULL despite successful login. Session content: {"__ci_last_regenerate":1759837638,"_ci_previous_url":"http:\/\/localhost\/hms_ram\/index.php\/","user_id":"31","username":"PAT-251007-00042","email":"","first_name":"kumar","last_name":"raj","role_id":"10","management_level":"Team Member","isLoggedIn":true,"allowed_modules":["patient_portal"]}
DEBUG - 2025-10-07 17:19:37 --> Session: Class initialized using 'CodeIgniter\Session\Handlers\FileHandler' driver.
DEBUG - 2025-10-07 17:19:37 --> PatientAuthFilter: isLoggedIn=1, roleId=10
DEBUG - 2025-10-07 17:20:37 --> Session: Class initialized using 'CodeIgniter\Session\Handlers\FileHandler' driver.
DEBUG - 2025-10-07 17:20:37 --> PatientAuthFilter: isLoggedIn=1, roleId=10
DEBUG - 2025-10-07 17:20:38 --> Session: Class initialized using 'CodeIgniter\Session\Handlers\FileHandler' driver.
DEBUG - 2025-10-07 17:20:38 --> PatientAuthFilter: isLoggedIn=1, roleId=10
DEBUG - 2025-10-07 17:20:38 --> PatientDashboard - patient_id from session: NULL
ERROR - 2025-10-07 17:20:38 --> PatientDashboard - CRITICAL ERROR: patient_id is NULL despite successful login. Session content: {"__ci_last_regenerate":1759837638,"_ci_previous_url":"http:\/\/localhost\/hms_ram\/index.php\/","user_id":"31","username":"PAT-251007-00042","email":"","first_name":"kumar","last_name":"raj","role_id":"10","management_level":"Team Member","isLoggedIn":true,"allowed_modules":["patient_portal"]}
DEBUG - 2025-10-07 17:20:38 --> Session: Class initialized using 'CodeIgniter\Session\Handlers\FileHandler' driver.
DEBUG - 2025-10-07 17:20:38 --> PatientAuthFilter: isLoggedIn=1, roleId=10
DEBUG - 2025-10-07 17:20:38 --> Session: Class initialized using 'CodeIgniter\Session\Handlers\FileHandler' driver.
DEBUG - 2025-10-07 17:20:38 --> PatientAuthFilter: isLoggedIn=1, roleId=10
DEBUG - 2025-10-07 17:20:38 --> PatientDashboard - patient_id from session: NULL
ERROR - 2025-10-07 17:20:38 --> PatientDashboard - CRITICAL ERROR: patient_id is NULL despite successful login. Session content: {"__ci_last_regenerate":1759837638,"_ci_previous_url":"http:\/\/localhost\/hms_ram\/index.php\/","user_id":"31","username":"PAT-251007-00042","email":"","first_name":"kumar","last_name":"raj","role_id":"10","management_level":"Team Member","isLoggedIn":true,"allowed_modules":["patient_portal"]}
DEBUG - 2025-10-07 17:20:38 --> Session: Class initialized using 'CodeIgniter\Session\Handlers\FileHandler' driver.
DEBUG - 2025-10-07 17:20:38 --> PatientAuthFilter: isLoggedIn=1, roleId=10
DEBUG - 2025-10-07 17:20:38 --> Session: Class initialized using 'CodeIgniter\Session\Handlers\FileHandler' driver.
DEBUG - 2025-10-07 17:20:38 --> PatientAuthFilter: isLoggedIn=1, roleId=10
DEBUG - 2025-10-07 17:20:38 --> PatientDashboard - patient_id from session: NULL
ERROR - 2025-10-07 17:20:38 --> PatientDashboard - CRITICAL ERROR: patient_id is NULL despite successful login. Session content: {"__ci_last_regenerate":1759837638,"_ci_previous_url":"http:\/\/localhost\/hms_ram\/index.php\/","user_id":"31","username":"PAT-251007-00042","email":"","first_name":"kumar","last_name":"raj","role_id":"10","management_level":"Team Member","isLoggedIn":true,"allowed_modules":["patient_portal"]}
DEBUG - 2025-10-07 17:20:38 --> Session: Class initialized using 'CodeIgniter\Session\Handlers\FileHandler' driver.
DEBUG - 2025-10-07 17:20:38 --> PatientAuthFilter: isLoggedIn=1, roleId=10
DEBUG - 2025-10-07 17:20:38 --> Session: Class initialized using 'CodeIgniter\Session\Handlers\FileHandler' driver.
DEBUG - 2025-10-07 17:20:38 --> PatientAuthFilter: isLoggedIn=1, roleId=10
DEBUG - 2025-10-07 17:20:38 --> PatientDashboard - patient_id from session: NULL
ERROR - 2025-10-07 17:20:38 --> PatientDashboard - CRITICAL ERROR: patient_id is NULL despite successful login. Session content: {"__ci_last_regenerate":1759837638,"_ci_previous_url":"http:\/\/localhost\/hms_ram\/index.php\/","user_id":"31","username":"PAT-251007-00042","email":"","first_name":"kumar","last_name":"raj","role_id":"10","management_level":"Team Member","isLoggedIn":true,"allowed_modules":["patient_portal"]}
DEBUG - 2025-10-07 17:20:38 --> Session: Class initialized using 'CodeIgniter\Session\Handlers\FileHandler' driver.
DEBUG - 2025-10-07 17:20:38 --> PatientAuthFilter: isLoggedIn=1, roleId=10
DEBUG - 2025-10-07 17:20:38 --> Session: Class initialized using 'CodeIgniter\Session\Handlers\FileHandler' driver.
DEBUG - 2025-10-07 17:20:38 --> PatientAuthFilter: isLoggedIn=1, roleId=10
DEBUG - 2025-10-07 17:20:38 --> PatientDashboard - patient_id from session: NULL
ERROR - 2025-10-07 17:20:38 --> PatientDashboard - CRITICAL ERROR: patient_id is NULL despite successful login. Session content: {"__ci_last_regenerate":1759837638,"_ci_previous_url":"http:\/\/localhost\/hms_ram\/index.php\/","user_id":"31","username":"PAT-251007-00042","email":"","first_name":"kumar","last_name":"raj","role_id":"10","management_level":"Team Member","isLoggedIn":true,"allowed_modules":["patient_portal"]}
DEBUG - 2025-10-07 17:20:38 --> Session: Class initialized using 'CodeIgniter\Session\Handlers\FileHandler' driver.
DEBUG - 2025-10-07 17:20:38 --> PatientAuthFilter: isLoggedIn=1, roleId=10
DEBUG - 2025-10-07 17:20:39 --> Session: Class initialized using 'CodeIgniter\Session\Handlers\FileHandler' driver.
DEBUG - 2025-10-07 17:20:39 --> PatientAuthFilter: isLoggedIn=1, roleId=10
DEBUG - 2025-10-07 17:20:39 --> PatientDashboard - patient_id from session: NULL
ERROR - 2025-10-07 17:20:39 --> PatientDashboard - CRITICAL ERROR: patient_id is NULL despite successful login. Session content: {"__ci_last_regenerate":1759837638,"_ci_previous_url":"http:\/\/localhost\/hms_ram\/index.php\/","user_id":"31","username":"PAT-251007-00042","email":"","first_name":"kumar","last_name":"raj","role_id":"10","management_level":"Team Member","isLoggedIn":true,"allowed_modules":["patient_portal"]}
DEBUG - 2025-10-07 17:20:39 --> Session: Class initialized using 'CodeIgniter\Session\Handlers\FileHandler' driver.
DEBUG - 2025-10-07 17:20:39 --> PatientAuthFilter: isLoggedIn=1, roleId=10
DEBUG - 2025-10-07 17:20:39 --> Session: Class initialized using 'CodeIgniter\Session\Handlers\FileHandler' driver.
DEBUG - 2025-10-07 17:20:39 --> PatientAuthFilter: isLoggedIn=1, roleId=10
DEBUG - 2025-10-07 17:20:39 --> PatientDashboard - patient_id from session: NULL
ERROR - 2025-10-07 17:20:39 --> PatientDashboard - CRITICAL ERROR: patient_id is NULL despite successful login. Session content: {"__ci_last_regenerate":1759837638,"_ci_previous_url":"http:\/\/localhost\/hms_ram\/index.php\/","user_id":"31","username":"PAT-251007-00042","email":"","first_name":"kumar","last_name":"raj","role_id":"10","management_level":"Team Member","isLoggedIn":true,"allowed_modules":["patient_portal"]}
DEBUG - 2025-10-07 17:20:39 --> Session: Class initialized using 'CodeIgniter\Session\Handlers\FileHandler' driver.
DEBUG - 2025-10-07 17:20:39 --> PatientAuthFilter: isLoggedIn=1, roleId=10
DEBUG - 2025-10-07 17:20:39 --> Session: Class initialized using 'CodeIgniter\Session\Handlers\FileHandler' driver.
DEBUG - 2025-10-07 17:20:39 --> PatientAuthFilter: isLoggedIn=1, roleId=10
DEBUG - 2025-10-07 17:20:39 --> PatientDashboard - patient_id from session: NULL
ERROR - 2025-10-07 17:20:39 --> PatientDashboard - CRITICAL ERROR: patient_id is NULL despite successful login. Session content: {"__ci_last_regenerate":1759837638,"_ci_previous_url":"http:\/\/localhost\/hms_ram\/index.php\/","user_id":"31","username":"PAT-251007-00042","email":"","first_name":"kumar","last_name":"raj","role_id":"10","management_level":"Team Member","isLoggedIn":true,"allowed_modules":["patient_portal"]}
DEBUG - 2025-10-07 17:20:39 --> Session: Class initialized using 'CodeIgniter\Session\Handlers\FileHandler' driver.
DEBUG - 2025-10-07 17:20:39 --> PatientAuthFilter: isLoggedIn=1, roleId=10
DEBUG - 2025-10-07 17:20:39 --> Session: Class initialized using 'CodeIgniter\Session\Handlers\FileHandler' driver.
DEBUG - 2025-10-07 17:20:39 --> PatientAuthFilter: isLoggedIn=1, roleId=10
DEBUG - 2025-10-07 17:20:39 --> PatientDashboard - patient_id from session: NULL
ERROR - 2025-10-07 17:20:39 --> PatientDashboard - CRITICAL ERROR: patient_id is NULL despite successful login. Session content: {"__ci_last_regenerate":1759837638,"_ci_previous_url":"http:\/\/localhost\/hms_ram\/index.php\/","user_id":"31","username":"PAT-251007-00042","email":"","first_name":"kumar","last_name":"raj","role_id":"10","management_level":"Team Member","isLoggedIn":true,"allowed_modules":["patient_portal"]}
DEBUG - 2025-10-07 17:20:40 --> Session: Class initialized using 'CodeIgniter\Session\Handlers\FileHandler' driver.
DEBUG - 2025-10-07 17:20:40 --> PatientAuthFilter: isLoggedIn=1, roleId=10
DEBUG - 2025-10-07 17:20:40 --> Session: Class initialized using 'CodeIgniter\Session\Handlers\FileHandler' driver.
DEBUG - 2025-10-07 17:20:40 --> PatientAuthFilter: isLoggedIn=1, roleId=10
DEBUG - 2025-10-07 17:20:40 --> PatientDashboard - patient_id from session: NULL
ERROR - 2025-10-07 17:20:40 --> PatientDashboard - CRITICAL ERROR: patient_id is NULL despite successful login. Session content: {"__ci_last_regenerate":1759837638,"_ci_previous_url":"http:\/\/localhost\/hms_ram\/index.php\/","user_id":"31","username":"PAT-251007-00042","email":"","first_name":"kumar","last_name":"raj","role_id":"10","management_level":"Team Member","isLoggedIn":true,"allowed_modules":["patient_portal"]}
DEBUG - 2025-10-07 17:24:01 --> Session: Class initialized using 'CodeIgniter\Session\Handlers\FileHandler' driver.
DEBUG - 2025-10-07 17:25:35 --> Session: Class initialized using 'CodeIgniter\Session\Handlers\FileHandler' driver.
DEBUG - 2025-10-07 17:25:40 --> Session: Class initialized using 'CodeIgniter\Session\Handlers\FileHandler' driver.
DEBUG - 2025-10-07 17:25:40 --> PatientAuthFilter: isLoggedIn=1, roleId=10
DEBUG - 2025-10-07 17:25:40 --> PatientDashboard - patient_id from session: NULL
WARNING - 2025-10-07 17:25:40 --> PatientDashboard - Attempting session recovery using persistent user_id: 31
INFO - 2025-10-07 17:25:40 --> PatientDashboard - Session recovered. patient_id set to: 47
DEBUG - 2025-10-07 17:25:45 --> Session: Class initialized using 'CodeIgniter\Session\Handlers\FileHandler' driver.
DEBUG - 2025-10-07 17:25:52 --> Session: Class initialized using 'CodeIgniter\Session\Handlers\FileHandler' driver.
DEBUG - 2025-10-07 17:25:52 --> Login attempt for username/email: PAT-251007-00042
DEBUG - 2025-10-07 17:25:52 --> User found, verifying password for: PAT-251007-00042
DEBUG - 2025-10-07 17:25:52 --> Password matched. Setting session for: PAT-251007-00042
DEBUG - 2025-10-07 17:25:52 --> Session: Class initialized using 'CodeIgniter\Session\Handlers\FileHandler' driver.
DEBUG - 2025-10-07 17:25:52 --> PatientAuthFilter: isLoggedIn=1, roleId=10
DEBUG - 2025-10-07 17:25:52 --> PatientDashboard - patient_id from session: '47'
DEBUG - 2025-10-07 17:26:07 --> Session: Class initialized using 'CodeIgniter\Session\Handlers\FileHandler' driver.
DEBUG - 2025-10-07 17:26:11 --> Session: Class initialized using 'CodeIgniter\Session\Handlers\FileHandler' driver.
DEBUG - 2025-10-07 17:26:47 --> Session: Class initialized using 'CodeIgniter\Session\Handlers\FileHandler' driver.
DEBUG - 2025-10-07 17:26:47 --> PatientAuthFilter: isLoggedIn=1, roleId=10
DEBUG - 2025-10-07 17:26:47 --> PatientDashboard - patient_id from session: '47'
DEBUG - 2025-10-07 17:26:53 --> Session: Class initialized using 'CodeIgniter\Session\Handlers\FileHandler' driver.
DEBUG - 2025-10-07 17:26:54 --> Session: Class initialized using 'CodeIgniter\Session\Handlers\FileHandler' driver.
DEBUG - 2025-10-07 17:26:54 --> PatientAuthFilter: isLoggedIn=1, roleId=10
DEBUG - 2025-10-07 17:26:54 --> PatientDashboard - patient_id from session: '47'
DEBUG - 2025-10-07 17:26:57 --> Session: Class initialized using 'CodeIgniter\Session\Handlers\FileHandler' driver.
DEBUG - 2025-10-07 17:26:58 --> Session: Class initialized using 'CodeIgniter\Session\Handlers\FileHandler' driver.
DEBUG - 2025-10-07 17:26:58 --> PatientAuthFilter: isLoggedIn=1, roleId=10
DEBUG - 2025-10-07 17:26:58 --> PatientDashboard - patient_id from session: '47'
DEBUG - 2025-10-07 17:28:31 --> Session: Class initialized using 'CodeIgniter\Session\Handlers\FileHandler' driver.
DEBUG - 2025-10-07 17:28:33 --> Session: Class initialized using 'CodeIgniter\Session\Handlers\FileHandler' driver.
DEBUG - 2025-10-07 17:28:33 --> PatientAuthFilter: isLoggedIn=1, roleId=10
DEBUG - 2025-10-07 17:28:33 --> PatientDashboard - patient_id from session: '47'
DEBUG - 2025-10-07 17:28:37 --> Session: Class initialized using 'CodeIgniter\Session\Handlers\FileHandler' driver.
DEBUG - 2025-10-07 17:28:42 --> Session: Class initialized using 'CodeIgniter\Session\Handlers\FileHandler' driver.
DEBUG - 2025-10-07 17:28:42 --> PatientAuthFilter: isLoggedIn=1, roleId=10
DEBUG - 2025-10-07 17:28:42 --> PatientDashboard - patient_id from session: '47'
DEBUG - 2025-10-07 17:35:57 --> Session: Class initialized using 'CodeIgniter\Session\Handlers\FileHandler' driver.
DEBUG - 2025-10-07 17:36:00 --> Session: Class initialized using 'CodeIgniter\Session\Handlers\FileHandler' driver.
DEBUG - 2025-10-07 17:36:00 --> PatientAuthFilter: isLoggedIn=1, roleId=10
DEBUG - 2025-10-07 17:36:00 --> PatientDashboard - patient_id from session: '47'
DEBUG - 2025-10-07 17:36:09 --> Session: Class initialized using 'CodeIgniter\Session\Handlers\FileHandler' driver.
DEBUG - 2025-10-07 17:36:10 --> Session: Class initialized using 'CodeIgniter\Session\Handlers\FileHandler' driver.
DEBUG - 2025-10-07 17:36:10 --> PatientAuthFilter: isLoggedIn=1, roleId=10
DEBUG - 2025-10-07 17:36:10 --> PatientDashboard - patient_id from session: '47'
DEBUG - 2025-10-07 17:36:17 --> Session: Class initialized using 'CodeIgniter\Session\Handlers\FileHandler' driver.
DEBUG - 2025-10-07 17:37:55 --> Session: Class initialized using 'CodeIgniter\Session\Handlers\FileHandler' driver.
DEBUG - 2025-10-07 17:37:58 --> Session: Class initialized using 'CodeIgniter\Session\Handlers\FileHandler' driver.
DEBUG - 2025-10-07 17:39:13 --> Session: Class initialized using 'CodeIgniter\Session\Handlers\FileHandler' driver.
DEBUG - 2025-10-07 17:41:32 --> Session: Class initialized using 'CodeIgniter\Session\Handlers\FileHandler' driver.
DEBUG - 2025-10-07 17:41:38 --> Session: Class initialized using 'CodeIgniter\Session\Handlers\FileHandler' driver.
DEBUG - 2025-10-07 17:41:38 --> PatientAuthFilter: isLoggedIn=1, roleId=10
CRITICAL - 2025-10-07 17:41:38 --> CodeIgniter\View\Exceptions\ViewException: Invalid file: "patient_portal/labs.php"
[Method: GET, Route: patient-portal/labs]
in SYSTEMPATH\Exceptions\FrameworkException.php on line 39.
 1 SYSTEMPATH\View\View.php(212): CodeIgniter\Exceptions\FrameworkException::forInvalidFile('patient_portal/labs.php')
 2 SYSTEMPATH\Common.php(1173): CodeIgniter\View\View->render('patient_portal/labs', [], true)
 3 APPPATH\Controllers\Patient_portal\PatientPortalController.php(118): view('patient_portal/labs', [...])
 4 SYSTEMPATH\CodeIgniter.php(933): App\Controllers\Patient_portal\PatientPortalController->labs()
 5 SYSTEMPATH\CodeIgniter.php(507): CodeIgniter\CodeIgniter->runController(Object(App\Controllers\Patient_portal\PatientPortalController))
 6 SYSTEMPATH\CodeIgniter.php(354): CodeIgniter\CodeIgniter->handleRequest(null, Object(Config\Cache), false)
 7 SYSTEMPATH\Boot.php(334): CodeIgniter\CodeIgniter->run()
 8 SYSTEMPATH\Boot.php(67): CodeIgniter\Boot::runCodeIgniter(Object(CodeIgniter\CodeIgniter))
 9 FCPATH\index.php(46): CodeIgniter\Boot::bootWeb(Object(Config\Paths))
DEBUG - 2025-10-07 17:41:40 --> Session: Class initialized using 'CodeIgniter\Session\Handlers\FileHandler' driver.
DEBUG - 2025-10-07 17:41:40 --> PatientAuthFilter: isLoggedIn=1, roleId=10
DEBUG - 2025-10-07 17:41:40 --> PatientDashboard - patient_id from session: '47'
DEBUG - 2025-10-07 17:41:42 --> Session: Class initialized using 'CodeIgniter\Session\Handlers\FileHandler' driver.
DEBUG - 2025-10-07 17:41:42 --> PatientAuthFilter: isLoggedIn=1, roleId=10
CRITICAL - 2025-10-07 17:41:43 --> CodeIgniter\View\Exceptions\ViewException: Invalid file: "patient_portal/appointments.php"
[Method: GET, Route: patient-portal/appointments]
in SYSTEMPATH\Exceptions\FrameworkException.php on line 39.
 1 SYSTEMPATH\View\View.php(212): CodeIgniter\Exceptions\FrameworkException::forInvalidFile('patient_portal/appointments.php')
 2 SYSTEMPATH\Common.php(1173): CodeIgniter\View\View->render('patient_portal/appointments', [], true)
 3 APPPATH\Controllers\Patient_portal\PatientPortalController.php(107): view('patient_portal/appointments', [...])
 4 SYSTEMPATH\CodeIgniter.php(933): App\Controllers\Patient_portal\PatientPortalController->appointments()
 5 SYSTEMPATH\CodeIgniter.php(507): CodeIgniter\CodeIgniter->runController(Object(App\Controllers\Patient_portal\PatientPortalController))
 6 SYSTEMPATH\CodeIgniter.php(354): CodeIgniter\CodeIgniter->handleRequest(null, Object(Config\Cache), false)
 7 SYSTEMPATH\Boot.php(334): CodeIgniter\CodeIgniter->run()
 8 SYSTEMPATH\Boot.php(67): CodeIgniter\Boot::runCodeIgniter(Object(CodeIgniter\CodeIgniter))
 9 FCPATH\index.php(46): CodeIgniter\Boot::bootWeb(Object(Config\Paths))
DEBUG - 2025-10-07 17:41:57 --> Session: Class initialized using 'CodeIgniter\Session\Handlers\FileHandler' driver.
DEBUG - 2025-10-07 17:41:59 --> Session: Class initialized using 'CodeIgniter\Session\Handlers\FileHandler' driver.
DEBUG - 2025-10-07 17:41:59 --> PatientAuthFilter: isLoggedIn=1, roleId=10
DEBUG - 2025-10-07 17:42:01 --> Session: Class initialized using 'CodeIgniter\Session\Handlers\FileHandler' driver.
DEBUG - 2025-10-07 17:42:01 --> PatientAuthFilter: isLoggedIn=1, roleId=10
CRITICAL - 2025-10-07 17:42:01 --> CodeIgniter\View\Exceptions\ViewException: Invalid file: "patient_portal/labs.php"
[Method: GET, Route: patient-portal/labs]
in SYSTEMPATH\Exceptions\FrameworkException.php on line 39.
 1 SYSTEMPATH\View\View.php(212): CodeIgniter\Exceptions\FrameworkException::forInvalidFile('patient_portal/labs.php')
 2 SYSTEMPATH\Common.php(1173): CodeIgniter\View\View->render('patient_portal/labs', [], true)
 3 APPPATH\Controllers\Patient_portal\PatientPortalController.php(118): view('patient_portal/labs', [...])
 4 SYSTEMPATH\CodeIgniter.php(933): App\Controllers\Patient_portal\PatientPortalController->labs()
 5 SYSTEMPATH\CodeIgniter.php(507): CodeIgniter\CodeIgniter->runController(Object(App\Controllers\Patient_portal\PatientPortalController))
 6 SYSTEMPATH\CodeIgniter.php(354): CodeIgniter\CodeIgniter->handleRequest(null, Object(Config\Cache), false)
 7 SYSTEMPATH\Boot.php(334): CodeIgniter\CodeIgniter->run()
 8 SYSTEMPATH\Boot.php(67): CodeIgniter\Boot::runCodeIgniter(Object(CodeIgniter\CodeIgniter))
 9 FCPATH\index.php(46): CodeIgniter\Boot::bootWeb(Object(Config\Paths))
DEBUG - 2025-10-07 17:42:09 --> Session: Class initialized using 'CodeIgniter\Session\Handlers\FileHandler' driver.
DEBUG - 2025-10-07 17:42:11 --> Session: Class initialized using 'CodeIgniter\Session\Handlers\FileHandler' driver.
DEBUG - 2025-10-07 17:42:11 --> PatientAuthFilter: isLoggedIn=1, roleId=10
DEBUG - 2025-10-07 17:42:12 --> Session: Class initialized using 'CodeIgniter\Session\Handlers\FileHandler' driver.
DEBUG - 2025-10-07 17:42:12 --> PatientAuthFilter: isLoggedIn=1, roleId=10
CRITICAL - 2025-10-07 17:42:12 --> CodeIgniter\View\Exceptions\ViewException: Invalid file: "patient_portal/diagnostics.php"
[Method: GET, Route: patient-portal/diagnostics]
in SYSTEMPATH\Exceptions\FrameworkException.php on line 39.
 1 SYSTEMPATH\View\View.php(212): CodeIgniter\Exceptions\FrameworkException::forInvalidFile('patient_portal/diagnostics.php')
 2 SYSTEMPATH\Common.php(1173): CodeIgniter\View\View->render('patient_portal/diagnostics', [], true)
 3 APPPATH\Controllers\Patient_portal\PatientPortalController.php(129): view('patient_portal/diagnostics', [...])
 4 SYSTEMPATH\CodeIgniter.php(933): App\Controllers\Patient_portal\PatientPortalController->diagnostics()
 5 SYSTEMPATH\CodeIgniter.php(507): CodeIgniter\CodeIgniter->runController(Object(App\Controllers\Patient_portal\PatientPortalController))
 6 SYSTEMPATH\CodeIgniter.php(354): CodeIgniter\CodeIgniter->handleRequest(null, Object(Config\Cache), false)
 7 SYSTEMPATH\Boot.php(334): CodeIgniter\CodeIgniter->run()
 8 SYSTEMPATH\Boot.php(67): CodeIgniter\Boot::runCodeIgniter(Object(CodeIgniter\CodeIgniter))
 9 FCPATH\index.php(46): CodeIgniter\Boot::bootWeb(Object(Config\Paths))
DEBUG - 2025-10-07 17:42:18 --> Session: Class initialized using 'CodeIgniter\Session\Handlers\FileHandler' driver.
DEBUG - 2025-10-07 17:42:20 --> Session: Class initialized using 'CodeIgniter\Session\Handlers\FileHandler' driver.
DEBUG - 2025-10-07 17:42:20 --> PatientAuthFilter: isLoggedIn=1, roleId=10
DEBUG - 2025-10-07 17:42:22 --> Session: Class initialized using 'CodeIgniter\Session\Handlers\FileHandler' driver.
DEBUG - 2025-10-07 17:42:24 --> Session: Class initialized using 'CodeIgniter\Session\Handlers\FileHandler' driver.
DEBUG - 2025-10-07 17:42:26 --> Session: Class initialized using 'CodeIgniter\Session\Handlers\FileHandler' driver.
DEBUG - 2025-10-07 17:42:26 --> PatientAuthFilter: isLoggedIn=1, roleId=10
DEBUG - 2025-10-07 17:42:28 --> Session: Class initialized using 'CodeIgniter\Session\Handlers\FileHandler' driver.
DEBUG - 2025-10-07 17:42:28 --> PatientAuthFilter: isLoggedIn=1, roleId=10
DEBUG - 2025-10-07 17:42:30 --> Session: Class initialized using 'CodeIgniter\Session\Handlers\FileHandler' driver.
DEBUG - 2025-10-07 17:42:30 --> PatientAuthFilter: isLoggedIn=1, roleId=10
DEBUG - 2025-10-07 17:43:25 --> Session: Class initialized using 'CodeIgniter\Session\Handlers\FileHandler' driver.
DEBUG - 2025-10-07 17:43:27 --> Session: Class initialized using 'CodeIgniter\Session\Handlers\FileHandler' driver.
DEBUG - 2025-10-07 17:43:27 --> PatientAuthFilter: isLoggedIn=1, roleId=10
DEBUG - 2025-10-07 17:44:59 --> Session: Class initialized using 'CodeIgniter\Session\Handlers\FileHandler' driver.
DEBUG - 2025-10-07 17:45:09 --> Session: Class initialized using 'CodeIgniter\Session\Handlers\FileHandler' driver.
DEBUG - 2025-10-07 17:45:24 --> Session: Class initialized using 'CodeIgniter\Session\Handlers\FileHandler' driver.
DEBUG - 2025-10-07 17:45:29 --> Session: Class initialized using 'CodeIgniter\Session\Handlers\FileHandler' driver.
DEBUG - 2025-10-07 17:45:29 --> PatientAuthFilter: isLoggedIn=1, roleId=10
DEBUG - 2025-10-07 17:45:32 --> Session: Class initialized using 'CodeIgniter\Session\Handlers\FileHandler' driver.
DEBUG - 2025-10-07 17:45:32 --> PatientAuthFilter: isLoggedIn=1, roleId=10
DEBUG - 2025-10-07 17:45:34 --> Session: Class initialized using 'CodeIgniter\Session\Handlers\FileHandler' driver.
DEBUG - 2025-10-07 17:45:34 --> PatientAuthFilter: isLoggedIn=1, roleId=10
DEBUG - 2025-10-07 17:45:42 --> Session: Class initialized using 'CodeIgniter\Session\Handlers\FileHandler' driver.
DEBUG - 2025-10-07 17:45:50 --> Session: Class initialized using 'CodeIgniter\Session\Handlers\FileHandler' driver.
DEBUG - 2025-10-07 17:45:53 --> Session: Class initialized using 'CodeIgniter\Session\Handlers\FileHandler' driver.
DEBUG - 2025-10-07 17:46:53 --> Session: Class initialized using 'CodeIgniter\Session\Handlers\FileHandler' driver.
DEBUG - 2025-10-07 17:46:53 --> Session: Class initialized using 'CodeIgniter\Session\Handlers\FileHandler' driver.
DEBUG - 2025-10-07 17:46:55 --> Session: Class initialized using 'CodeIgniter\Session\Handlers\FileHandler' driver.
DEBUG - 2025-10-07 17:47:05 --> Session: Class initialized using 'CodeIgniter\Session\Handlers\FileHandler' driver.
DEBUG - 2025-10-07 17:47:05 --> PatientAuthFilter: isLoggedIn=1, roleId=10
DEBUG - 2025-10-07 17:47:25 --> Session: Class initialized using 'CodeIgniter\Session\Handlers\FileHandler' driver.
DEBUG - 2025-10-07 17:47:25 --> PatientAuthFilter: isLoggedIn=1, roleId=10
CRITICAL - 2025-10-07 17:47:25 --> ErrorException: Undefined array key "appointment_id"
[Method: GET, Route: patient-portal/appointments]
in APPPATH\Views\patient_portal\appointments.php on line 45.
 1 APPPATH\Views\patient_portal\appointments.php(45): CodeIgniter\Debug\Exceptions->errorHandler(2, 'Undefined array key "appointment_id"', 'C:\\xampp\\htdocs\\hms_ram\\app\\Views\\patient_portal\\appointments.php', 45)
 2 SYSTEMPATH\View\View.php(224): include('C:\\xampp\\htdocs\\hms_ram\\app\\Views\\patient_portal\\appointments.php')
 3 SYSTEMPATH\View\View.php(227): CodeIgniter\View\View->CodeIgniter\View\{closure}()
 4 SYSTEMPATH\Common.php(1173): CodeIgniter\View\View->render('patient_portal/appointments', [], true)
 5 APPPATH\Controllers\Patient_portal\PatientPortalController.php(107): view('patient_portal/appointments', [...])
 6 SYSTEMPATH\CodeIgniter.php(933): App\Controllers\Patient_portal\PatientPortalController->appointments()
 7 SYSTEMPATH\CodeIgniter.php(507): CodeIgniter\CodeIgniter->runController(Object(App\Controllers\Patient_portal\PatientPortalController))
 8 SYSTEMPATH\CodeIgniter.php(354): CodeIgniter\CodeIgniter->handleRequest(null, Object(Config\Cache), false)
 9 SYSTEMPATH\Boot.php(334): CodeIgniter\CodeIgniter->run()
10 SYSTEMPATH\Boot.php(67): CodeIgniter\Boot::runCodeIgniter(Object(CodeIgniter\CodeIgniter))
11 FCPATH\index.php(46): CodeIgniter\Boot::bootWeb(Object(Config\Paths))
DEBUG - 2025-10-07 17:47:28 --> Session: Class initialized using 'CodeIgniter\Session\Handlers\FileHandler' driver.
DEBUG - 2025-10-07 17:47:28 --> PatientAuthFilter: isLoggedIn=1, roleId=10
DEBUG - 2025-10-07 17:47:32 --> Session: Class initialized using 'CodeIgniter\Session\Handlers\FileHandler' driver.
DEBUG - 2025-10-07 17:47:32 --> PatientAuthFilter: isLoggedIn=1, roleId=10
CRITICAL - 2025-10-07 17:47:32 --> ErrorException: Undefined array key "appointment_id"
[Method: GET, Route: patient-portal/appointments]
in APPPATH\Views\patient_portal\appointments.php on line 45.
 1 APPPATH\Views\patient_portal\appointments.php(45): CodeIgniter\Debug\Exceptions->errorHandler(2, 'Undefined array key "appointment_id"', 'C:\\xampp\\htdocs\\hms_ram\\app\\Views\\patient_portal\\appointments.php', 45)
 2 SYSTEMPATH\View\View.php(224): include('C:\\xampp\\htdocs\\hms_ram\\app\\Views\\patient_portal\\appointments.php')
 3 SYSTEMPATH\View\View.php(227): CodeIgniter\View\View->CodeIgniter\View\{closure}()
 4 SYSTEMPATH\Common.php(1173): CodeIgniter\View\View->render('patient_portal/appointments', [], true)
 5 APPPATH\Controllers\Patient_portal\PatientPortalController.php(107): view('patient_portal/appointments', [...])
 6 SYSTEMPATH\CodeIgniter.php(933): App\Controllers\Patient_portal\PatientPortalController->appointments()
 7 SYSTEMPATH\CodeIgniter.php(507): CodeIgniter\CodeIgniter->runController(Object(App\Controllers\Patient_portal\PatientPortalController))
 8 SYSTEMPATH\CodeIgniter.php(354): CodeIgniter\CodeIgniter->handleRequest(null, Object(Config\Cache), false)
 9 SYSTEMPATH\Boot.php(334): CodeIgniter\CodeIgniter->run()
10 SYSTEMPATH\Boot.php(67): CodeIgniter\Boot::runCodeIgniter(Object(CodeIgniter\CodeIgniter))
11 FCPATH\index.php(46): CodeIgniter\Boot::bootWeb(Object(Config\Paths))
DEBUG - 2025-10-07 17:48:27 --> Session: Class initialized using 'CodeIgniter\Session\Handlers\FileHandler' driver.
DEBUG - 2025-10-07 17:48:42 --> Session: Class initialized using 'CodeIgniter\Session\Handlers\FileHandler' driver.
DEBUG - 2025-10-07 17:48:52 --> Session: Class initialized using 'CodeIgniter\Session\Handlers\FileHandler' driver.
DEBUG - 2025-10-07 17:48:53 --> Session: Class initialized using 'CodeIgniter\Session\Handlers\FileHandler' driver.
DEBUG - 2025-10-07 17:48:56 --> Session: Class initialized using 'CodeIgniter\Session\Handlers\FileHandler' driver.
DEBUG - 2025-10-07 17:48:56 --> PatientAuthFilter: isLoggedIn=1, roleId=10
DEBUG - 2025-10-07 17:50:29 --> Session: Class initialized using 'CodeIgniter\Session\Handlers\FileHandler' driver.
DEBUG - 2025-10-07 17:50:31 --> Session: Class initialized using 'CodeIgniter\Session\Handlers\FileHandler' driver.
DEBUG - 2025-10-07 17:50:31 --> PatientAuthFilter: isLoggedIn=1, roleId=10
DEBUG - 2025-10-07 17:52:45 --> Session: Class initialized using 'CodeIgniter\Session\Handlers\FileHandler' driver.
DEBUG - 2025-10-07 17:52:47 --> Session: Class initialized using 'CodeIgniter\Session\Handlers\FileHandler' driver.
DEBUG - 2025-10-07 17:52:47 --> PatientAuthFilter: isLoggedIn=1, roleId=10
DEBUG - 2025-10-07 17:52:51 --> Session: Class initialized using 'CodeIgniter\Session\Handlers\FileHandler' driver.
DEBUG - 2025-10-07 17:52:51 --> PatientAuthFilter: isLoggedIn=1, roleId=10
DEBUG - 2025-10-07 17:52:58 --> Session: Class initialized using 'CodeIgniter\Session\Handlers\FileHandler' driver.
DEBUG - 2025-10-07 17:53:00 --> Session: Class initialized using 'CodeIgniter\Session\Handlers\FileHandler' driver.
DEBUG - 2025-10-07 17:54:05 --> Session: Class initialized using 'CodeIgniter\Session\Handlers\FileHandler' driver.
DEBUG - 2025-10-07 17:54:05 --> Session: Class initialized using 'CodeIgniter\Session\Handlers\FileHandler' driver.
DEBUG - 2025-10-07 17:54:05 --> PatientAuthFilter: isLoggedIn=1, roleId=10
DEBUG - 2025-10-07 17:56:10 --> Session: Class initialized using 'CodeIgniter\Session\Handlers\FileHandler' driver.
DEBUG - 2025-10-07 17:57:57 --> Session: Class initialized using 'CodeIgniter\Session\Handlers\FileHandler' driver.
DEBUG - 2025-10-07 17:58:10 --> Session: Class initialized using 'CodeIgniter\Session\Handlers\FileHandler' driver.
DEBUG - 2025-10-07 17:58:32 --> Session: Class initialized using 'CodeIgniter\Session\Handlers\FileHandler' driver.
DEBUG - 2025-10-07 17:58:32 --> PatientAuthFilter: isLoggedIn=1, roleId=10
DEBUG - 2025-10-07 17:58:35 --> Session: Class initialized using 'CodeIgniter\Session\Handlers\FileHandler' driver.
DEBUG - 2025-10-07 17:58:35 --> PatientAuthFilter: isLoggedIn=1, roleId=10
DEBUG - 2025-10-07 18:02:48 --> Session: Class initialized using 'CodeIgniter\Session\Handlers\FileHandler' driver.
DEBUG - 2025-10-07 18:02:50 --> Session: Class initialized using 'CodeIgniter\Session\Handlers\FileHandler' driver.
DEBUG - 2025-10-07 18:02:50 --> PatientAuthFilter: isLoggedIn=1, roleId=10
DEBUG - 2025-10-07 18:04:42 --> Session: Class initialized using 'CodeIgniter\Session\Handlers\FileHandler' driver.
DEBUG - 2025-10-07 18:04:44 --> Session: Class initialized using 'CodeIgniter\Session\Handlers\FileHandler' driver.
DEBUG - 2025-10-07 18:04:44 --> PatientAuthFilter: isLoggedIn=1, roleId=10
DEBUG - 2025-10-07 18:04:46 --> Session: Class initialized using 'CodeIgniter\Session\Handlers\FileHandler' driver.
DEBUG - 2025-10-07 18:04:46 --> PatientAuthFilter: isLoggedIn=1, roleId=10
DEBUG - 2025-10-07 18:04:48 --> Session: Class initialized using 'CodeIgniter\Session\Handlers\FileHandler' driver.
DEBUG - 2025-10-07 18:04:48 --> PatientAuthFilter: isLoggedIn=1, roleId=10
DEBUG - 2025-10-07 18:04:56 --> Session: Class initialized using 'CodeIgniter\Session\Handlers\FileHandler' driver.
DEBUG - 2025-10-07 18:04:56 --> PatientAuthFilter: isLoggedIn=1, roleId=10
