DEBUG - 2025-07-28 11:36:11 --> Session: Class initialized using 'CodeIgniter\Session\Handlers\FileHandler' driver.
DEBUG - 2025-07-28 11:36:11 --> IpdController::dischargePatient - Patient data BEFORE patientModel->markAsDischarged: {"id":"16","patient_id_code":"PAT-250628-00011","patient_type":"IPD","previous_patient_type":null,"opd_id_code":null,"ipd_id_code":"IPD-250705-00032","gen_id_code":"GEN-250628-00006","cus_id_code":null,"first_name":"ramu","last_name":"ling","date_of_birth":"2025-06-10","gender":"Male","blood_group":"","marital_status":"","occupation":"","address":"","phone_number":"","email":"","emergency_contact_name":"","emergency_contact_phone":"","known_allergies":"","pre_existing_conditions":"","referred_to_doctor_id":null,"referred_by_id":null,"remarks":"","reports":null,"fee":"0.00","discount_percentage":"0.00","final_amount":"0.00","created_at":"2025-06-28 09:41:39","updated_at":"2025-07-05 10:52:21"}
DEBUG - 2025-07-28 11:36:11 --> PatientModel::markAsDischarged - Patient ID: 16
DEBUG - 2025-07-28 11:36:11 --> PatientModel::markAsDischarged - Patient data BEFORE update: {"id":"16","patient_id_code":"PAT-250628-00011","patient_type":"IPD","previous_patient_type":null,"opd_id_code":null,"ipd_id_code":"IPD-250705-00032","gen_id_code":"GEN-250628-00006","cus_id_code":null,"first_name":"ramu","last_name":"ling","date_of_birth":"2025-06-10","gender":"Male","blood_group":"","marital_status":"","occupation":"","address":"","phone_number":"","email":"","emergency_contact_name":"","emergency_contact_phone":"","known_allergies":"","pre_existing_conditions":"","referred_to_doctor_id":null,"referred_by_id":null,"remarks":"","reports":null,"fee":"0.00","discount_percentage":"0.00","final_amount":"0.00","created_at":"2025-06-28 09:41:39","updated_at":"2025-07-05 10:52:21"}
DEBUG - 2025-07-28 11:36:12 --> PatientModel::markAsDischarged - Patient data AFTER update: {"id":"16","patient_id_code":"PAT-250628-00011","patient_type":"Discharged","previous_patient_type":null,"opd_id_code":null,"ipd_id_code":"IPD-250705-00032","gen_id_code":"GEN-250628-00006","cus_id_code":null,"first_name":"ramu","last_name":"ling","date_of_birth":"2025-06-10","gender":"Male","blood_group":"","marital_status":"","occupation":"","address":"","phone_number":"","email":"","emergency_contact_name":"","emergency_contact_phone":"","known_allergies":"","pre_existing_conditions":"","referred_to_doctor_id":null,"referred_by_id":null,"remarks":"","reports":null,"fee":"0.00","discount_percentage":"0.00","final_amount":"0.00","created_at":"2025-06-28 09:41:39","updated_at":"2025-07-28 11:36:12"}
INFO - 2025-07-28 11:36:12 --> Patient 16 discharged. IPD ID: IPD-250705-00032 retained.
DEBUG - 2025-07-28 11:36:12 --> IpdController::dischargePatient - Patient data AFTER patientModel->markAsDischarged: {"id":"16","patient_id_code":"PAT-250628-00011","patient_type":"Discharged","previous_patient_type":null,"opd_id_code":null,"ipd_id_code":"IPD-250705-00032","gen_id_code":"GEN-250628-00006","cus_id_code":null,"first_name":"ramu","last_name":"ling","date_of_birth":"2025-06-10","gender":"Male","blood_group":"","marital_status":"","occupation":"","address":"","phone_number":"","email":"","emergency_contact_name":"","emergency_contact_phone":"","known_allergies":"","pre_existing_conditions":"","referred_to_doctor_id":null,"referred_by_id":null,"remarks":"","reports":null,"fee":"0.00","discount_percentage":"0.00","final_amount":"0.00","created_at":"2025-06-28 09:41:39","updated_at":"2025-07-28 11:36:12"}
DEBUG - 2025-07-28 11:36:12 --> Session: Class initialized using 'CodeIgniter\Session\Handlers\FileHandler' driver.
DEBUG - 2025-07-28 11:40:19 --> Session: Class initialized using 'CodeIgniter\Session\Handlers\FileHandler' driver.
DEBUG - 2025-07-28 11:40:41 --> Session: Class initialized using 'CodeIgniter\Session\Handlers\FileHandler' driver.
DEBUG - 2025-07-28 11:40:59 --> Session: Class initialized using 'CodeIgniter\Session\Handlers\FileHandler' driver.
DEBUG - 2025-07-28 11:45:07 --> Session: Class initialized using 'CodeIgniter\Session\Handlers\FileHandler' driver.
DEBUG - 2025-07-28 11:45:13 --> Session: Class initialized using 'CodeIgniter\Session\Handlers\FileHandler' driver.
DEBUG - 2025-07-28 11:45:22 --> Session: Class initialized using 'CodeIgniter\Session\Handlers\FileHandler' driver.
DEBUG - 2025-07-28 11:45:28 --> Session: Class initialized using 'CodeIgniter\Session\Handlers\FileHandler' driver.
DEBUG - 2025-07-28 11:45:40 --> Session: Class initialized using 'CodeIgniter\Session\Handlers\FileHandler' driver.
DEBUG - 2025-07-28 11:46:04 --> Session: Class initialized using 'CodeIgniter\Session\Handlers\FileHandler' driver.
DEBUG - 2025-07-28 11:46:07 --> Session: Class initialized using 'CodeIgniter\Session\Handlers\FileHandler' driver.
INFO - 2025-07-28 11:46:07 --> Storing previous patient type General for patient 15 before IPD admission.
INFO - 2025-07-28 11:46:07 --> Generated new IPD ID IPD-250728-00046 for patient 15 during admission.
INFO - 2025-07-28 11:46:07 --> Patient 15 admitted to IPD. IPD Code: IPD-250728-00046
DEBUG - 2025-07-28 11:46:09 --> Session: Class initialized using 'CodeIgniter\Session\Handlers\FileHandler' driver.
DEBUG - 2025-07-28 11:46:21 --> Session: Class initialized using 'CodeIgniter\Session\Handlers\FileHandler' driver.
DEBUG - 2025-07-28 11:46:22 --> Session: Class initialized using 'CodeIgniter\Session\Handlers\FileHandler' driver.
DEBUG - 2025-07-28 11:46:24 --> Session: Class initialized using 'CodeIgniter\Session\Handlers\FileHandler' driver.
DEBUG - 2025-07-28 11:46:25 --> Session: Class initialized using 'CodeIgniter\Session\Handlers\FileHandler' driver.
DEBUG - 2025-07-28 11:46:30 --> Session: Class initialized using 'CodeIgniter\Session\Handlers\FileHandler' driver.
DEBUG - 2025-07-28 11:46:35 --> Session: Class initialized using 'CodeIgniter\Session\Handlers\FileHandler' driver.
DEBUG - 2025-07-28 11:46:49 --> Session: Class initialized using 'CodeIgniter\Session\Handlers\FileHandler' driver.
DEBUG - 2025-07-28 11:46:53 --> Session: Class initialized using 'CodeIgniter\Session\Handlers\FileHandler' driver.
DEBUG - 2025-07-28 11:46:53 --> IpdController::dischargePatient - Patient data BEFORE patientModel->markAsDischarged: {"id":"15","patient_id_code":"PAT-250628-00010","patient_type":"IPD","previous_patient_type":"General","opd_id_code":null,"ipd_id_code":"IPD-250728-00046","gen_id_code":"GEN-250628-00005","cus_id_code":null,"first_name":"jana","last_name":"creations","date_of_birth":"2025-06-10","gender":"Male","blood_group":"B-","marital_status":"single ","occupation":"student","address":"hgmd","phone_number":"2525252525","email":"bhavicreations@gmail.com","emergency_contact_name":"rao","emergency_contact_phone":"3213213213","known_allergies":"ghg","pre_existing_conditions":"dhg","referred_to_doctor_id":null,"referred_by_id":"3","remarks":"fc","reports":null,"fee":"645.00","discount_percentage":"5.00","final_amount":"612.75","created_at":"2025-06-28 09:18:19","updated_at":"2025-07-28 11:46:07"}
DEBUG - 2025-07-28 11:46:53 --> PatientModel::markAsDischarged - Patient ID: 15
DEBUG - 2025-07-28 11:46:53 --> PatientModel::markAsDischarged - Patient data BEFORE update: {"id":"15","patient_id_code":"PAT-250628-00010","patient_type":"IPD","previous_patient_type":"General","opd_id_code":null,"ipd_id_code":"IPD-250728-00046","gen_id_code":"GEN-250628-00005","cus_id_code":null,"first_name":"jana","last_name":"creations","date_of_birth":"2025-06-10","gender":"Male","blood_group":"B-","marital_status":"single ","occupation":"student","address":"hgmd","phone_number":"2525252525","email":"bhavicreations@gmail.com","emergency_contact_name":"rao","emergency_contact_phone":"3213213213","known_allergies":"ghg","pre_existing_conditions":"dhg","referred_to_doctor_id":null,"referred_by_id":"3","remarks":"fc","reports":null,"fee":"645.00","discount_percentage":"5.00","final_amount":"612.75","created_at":"2025-06-28 09:18:19","updated_at":"2025-07-28 11:46:07"}
DEBUG - 2025-07-28 11:46:53 --> PatientModel::markAsDischarged - Patient data AFTER update: {"id":"15","patient_id_code":"PAT-250628-00010","patient_type":"Discharged","previous_patient_type":null,"opd_id_code":null,"ipd_id_code":"IPD-250728-00046","gen_id_code":"GEN-250628-00005","cus_id_code":null,"first_name":"jana","last_name":"creations","date_of_birth":"2025-06-10","gender":"Male","blood_group":"B-","marital_status":"single ","occupation":"student","address":"hgmd","phone_number":"2525252525","email":"bhavicreations@gmail.com","emergency_contact_name":"rao","emergency_contact_phone":"3213213213","known_allergies":"ghg","pre_existing_conditions":"dhg","referred_to_doctor_id":null,"referred_by_id":"3","remarks":"fc","reports":null,"fee":"645.00","discount_percentage":"5.00","final_amount":"612.75","created_at":"2025-06-28 09:18:19","updated_at":"2025-07-28 11:46:53"}
INFO - 2025-07-28 11:46:53 --> Patient 15 discharged. IPD ID: IPD-250728-00046 retained.
DEBUG - 2025-07-28 11:46:53 --> IpdController::dischargePatient - Patient data AFTER patientModel->markAsDischarged: {"id":"15","patient_id_code":"PAT-250628-00010","patient_type":"Discharged","previous_patient_type":null,"opd_id_code":null,"ipd_id_code":"IPD-250728-00046","gen_id_code":"GEN-250628-00005","cus_id_code":null,"first_name":"jana","last_name":"creations","date_of_birth":"2025-06-10","gender":"Male","blood_group":"B-","marital_status":"single ","occupation":"student","address":"hgmd","phone_number":"2525252525","email":"bhavicreations@gmail.com","emergency_contact_name":"rao","emergency_contact_phone":"3213213213","known_allergies":"ghg","pre_existing_conditions":"dhg","referred_to_doctor_id":null,"referred_by_id":"3","remarks":"fc","reports":null,"fee":"645.00","discount_percentage":"5.00","final_amount":"612.75","created_at":"2025-06-28 09:18:19","updated_at":"2025-07-28 11:46:53"}
DEBUG - 2025-07-28 11:46:54 --> Session: Class initialized using 'CodeIgniter\Session\Handlers\FileHandler' driver.
DEBUG - 2025-07-28 11:46:58 --> Session: Class initialized using 'CodeIgniter\Session\Handlers\FileHandler' driver.
DEBUG - 2025-07-28 11:47:07 --> Session: Class initialized using 'CodeIgniter\Session\Handlers\FileHandler' driver.
DEBUG - 2025-07-28 11:54:16 --> Session: Class initialized using 'CodeIgniter\Session\Handlers\FileHandler' driver.
DEBUG - 2025-07-28 11:54:24 --> Session: Class initialized using 'CodeIgniter\Session\Handlers\FileHandler' driver.
DEBUG - 2025-07-28 11:54:26 --> Session: Class initialized using 'CodeIgniter\Session\Handlers\FileHandler' driver.
DEBUG - 2025-07-28 11:54:28 --> Session: Class initialized using 'CodeIgniter\Session\Handlers\FileHandler' driver.
DEBUG - 2025-07-28 11:54:31 --> Session: Class initialized using 'CodeIgniter\Session\Handlers\FileHandler' driver.
DEBUG - 2025-07-28 11:54:33 --> Session: Class initialized using 'CodeIgniter\Session\Handlers\FileHandler' driver.
DEBUG - 2025-07-28 11:54:35 --> Session: Class initialized using 'CodeIgniter\Session\Handlers\FileHandler' driver.
DEBUG - 2025-07-28 11:54:37 --> Session: Class initialized using 'CodeIgniter\Session\Handlers\FileHandler' driver.
DEBUG - 2025-07-28 11:54:43 --> Session: Class initialized using 'CodeIgniter\Session\Handlers\FileHandler' driver.
DEBUG - 2025-07-28 11:56:32 --> Session: Class initialized using 'CodeIgniter\Session\Handlers\FileHandler' driver.
DEBUG - 2025-07-28 11:56:35 --> Session: Class initialized using 'CodeIgniter\Session\Handlers\FileHandler' driver.
DEBUG - 2025-07-28 11:56:39 --> Session: Class initialized using 'CodeIgniter\Session\Handlers\FileHandler' driver.
DEBUG - 2025-07-28 11:56:44 --> Session: Class initialized using 'CodeIgniter\Session\Handlers\FileHandler' driver.
DEBUG - 2025-07-28 11:56:48 --> Session: Class initialized using 'CodeIgniter\Session\Handlers\FileHandler' driver.
DEBUG - 2025-07-28 11:56:51 --> Session: Class initialized using 'CodeIgniter\Session\Handlers\FileHandler' driver.
DEBUG - 2025-07-28 11:56:58 --> Session: Class initialized using 'CodeIgniter\Session\Handlers\FileHandler' driver.
DEBUG - 2025-07-28 11:56:59 --> Session: Class initialized using 'CodeIgniter\Session\Handlers\FileHandler' driver.
DEBUG - 2025-07-28 11:57:01 --> Session: Class initialized using 'CodeIgniter\Session\Handlers\FileHandler' driver.
DEBUG - 2025-07-28 11:57:26 --> Session: Class initialized using 'CodeIgniter\Session\Handlers\FileHandler' driver.
DEBUG - 2025-07-28 11:57:29 --> Session: Class initialized using 'CodeIgniter\Session\Handlers\FileHandler' driver.
DEBUG - 2025-07-28 11:57:35 --> Session: Class initialized using 'CodeIgniter\Session\Handlers\FileHandler' driver.
DEBUG - 2025-07-28 11:57:37 --> Session: Class initialized using 'CodeIgniter\Session\Handlers\FileHandler' driver.
DEBUG - 2025-07-28 11:57:43 --> Session: Class initialized using 'CodeIgniter\Session\Handlers\FileHandler' driver.
DEBUG - 2025-07-28 11:58:22 --> Session: Class initialized using 'CodeIgniter\Session\Handlers\FileHandler' driver.
DEBUG - 2025-07-28 11:58:42 --> Session: Class initialized using 'CodeIgniter\Session\Handlers\FileHandler' driver.
DEBUG - 2025-07-28 11:58:44 --> Session: Class initialized using 'CodeIgniter\Session\Handlers\FileHandler' driver.
DEBUG - 2025-07-28 12:02:09 --> Session: Class initialized using 'CodeIgniter\Session\Handlers\FileHandler' driver.
DEBUG - 2025-07-28 12:02:11 --> Session: Class initialized using 'CodeIgniter\Session\Handlers\FileHandler' driver.
DEBUG - 2025-07-28 12:03:28 --> Session: Class initialized using 'CodeIgniter\Session\Handlers\FileHandler' driver.
DEBUG - 2025-07-28 12:03:30 --> Session: Class initialized using 'CodeIgniter\Session\Handlers\FileHandler' driver.
DEBUG - 2025-07-28 12:03:32 --> Session: Class initialized using 'CodeIgniter\Session\Handlers\FileHandler' driver.
DEBUG - 2025-07-28 12:06:19 --> Session: Class initialized using 'CodeIgniter\Session\Handlers\FileHandler' driver.
DEBUG - 2025-07-28 12:07:07 --> Session: Class initialized using 'CodeIgniter\Session\Handlers\FileHandler' driver.
DEBUG - 2025-07-28 12:07:07 --> downloadReport: Function called for filename: 1753703819_6435_sample-blue-round-grunge-stamp-J1D0R6.jpg
DEBUG - 2025-07-28 12:07:07 --> downloadReport: Checking file path: C:\xampp\htdocs\hms_ram\public/uploads/patient_reports/1753703819_6435_sample-blue-round-grunge-stamp-J1D0R6.jpg
DEBUG - 2025-07-28 12:07:07 --> downloadReport: File found at: C:\xampp\htdocs\hms_ram\public/uploads/patient_reports/1753703819_6435_sample-blue-round-grunge-stamp-J1D0R6.jpg
DEBUG - 2025-07-28 12:07:07 --> downloadReport: Determined MIME type: image/jpeg
DEBUG - 2025-07-28 12:07:07 --> downloadReport: Sending file for INLINE display. Headers: Content-Type: image/jpeg, Content-Disposition: inline
DEBUG - 2025-07-28 12:07:23 --> Session: Class initialized using 'CodeIgniter\Session\Handlers\FileHandler' driver.
DEBUG - 2025-07-28 12:07:27 --> Session: Class initialized using 'CodeIgniter\Session\Handlers\FileHandler' driver.
DEBUG - 2025-07-28 12:07:29 --> Session: Class initialized using 'CodeIgniter\Session\Handlers\FileHandler' driver.
DEBUG - 2025-07-28 12:07:29 --> downloadReport: Function called for filename: 1751095934_657b769b4755bdc13eb1.png
DEBUG - 2025-07-28 12:07:29 --> downloadReport: Checking file path: C:\xampp\htdocs\hms_ram\public/uploads/patient_reports/1751095934_657b769b4755bdc13eb1.png
ERROR - 2025-07-28 12:07:29 --> downloadReport: File NOT found at expected path: C:\xampp\htdocs\hms_ram\public/uploads/patient_reports/1751095934_657b769b4755bdc13eb1.png
DEBUG - 2025-07-28 12:09:09 --> Session: Class initialized using 'CodeIgniter\Session\Handlers\FileHandler' driver.
DEBUG - 2025-07-28 12:09:12 --> Session: Class initialized using 'CodeIgniter\Session\Handlers\FileHandler' driver.
DEBUG - 2025-07-28 12:09:12 --> downloadReport: Function called for filename: 1751095934_657b769b4755bdc13eb1.png
DEBUG - 2025-07-28 12:09:12 --> downloadReport: Checking file path: C:\xampp\htdocs\hms_ram\public/uploads/patient_reports/1751095934_657b769b4755bdc13eb1.png
ERROR - 2025-07-28 12:09:12 --> downloadReport: File NOT found at expected path: C:\xampp\htdocs\hms_ram\public/uploads/patient_reports/1751095934_657b769b4755bdc13eb1.png
DEBUG - 2025-07-28 12:09:15 --> Session: Class initialized using 'CodeIgniter\Session\Handlers\FileHandler' driver.
DEBUG - 2025-07-28 12:11:41 --> Session: Class initialized using 'CodeIgniter\Session\Handlers\FileHandler' driver.
DEBUG - 2025-07-28 12:11:41 --> Session: Class initialized using 'CodeIgniter\Session\Handlers\FileHandler' driver.
DEBUG - 2025-07-28 12:11:50 --> Session: Class initialized using 'CodeIgniter\Session\Handlers\FileHandler' driver.
DEBUG - 2025-07-28 12:11:51 --> Session: Class initialized using 'CodeIgniter\Session\Handlers\FileHandler' driver.
DEBUG - 2025-07-28 12:11:55 --> Session: Class initialized using 'CodeIgniter\Session\Handlers\FileHandler' driver.
DEBUG - 2025-07-28 12:11:57 --> Session: Class initialized using 'CodeIgniter\Session\Handlers\FileHandler' driver.
DEBUG - 2025-07-28 12:19:06 --> Session: Class initialized using 'CodeIgniter\Session\Handlers\FileHandler' driver.
DEBUG - 2025-07-28 12:19:09 --> Session: Class initialized using 'CodeIgniter\Session\Handlers\FileHandler' driver.
DEBUG - 2025-07-28 12:19:10 --> Session: Class initialized using 'CodeIgniter\Session\Handlers\FileHandler' driver.
DEBUG - 2025-07-28 12:19:11 --> Session: Class initialized using 'CodeIgniter\Session\Handlers\FileHandler' driver.
DEBUG - 2025-07-28 12:21:07 --> Session: Class initialized using 'CodeIgniter\Session\Handlers\FileHandler' driver.
DEBUG - 2025-07-28 12:21:09 --> Session: Class initialized using 'CodeIgniter\Session\Handlers\FileHandler' driver.
DEBUG - 2025-07-28 12:21:16 --> Session: Class initialized using 'CodeIgniter\Session\Handlers\FileHandler' driver.
DEBUG - 2025-07-28 12:21:27 --> Session: Class initialized using 'CodeIgniter\Session\Handlers\FileHandler' driver.
